Component: ARM Compiler 5.05 update 1 (build 106) Tool: armlink [4d0efa]

==============================================================================

Section Cross References

    stm32f10x_rcc.o(.text) refers to stm32f10x_rcc.o(.data) for APBAHBPrescTable
    system_stm32f10x.o(.text) refers to system_stm32f10x.o(.data) for SystemCoreClock
    startup_stm32f10x_hd.o(RESET) refers to startup_stm32f10x_hd.o(STACK) for __initial_sp
    startup_stm32f10x_hd.o(RESET) refers to startup_stm32f10x_hd.o(.text) for Reset_Handler
    startup_stm32f10x_hd.o(RESET) refers to stm32f10x_it.o(.text) for NMI_Handler
    startup_stm32f10x_hd.o(RESET) refers to rtc.o(.text) for RTC_IRQHandler
    startup_stm32f10x_hd.o(RESET) refers to key_exti.o(.text) for EXTI0_IRQHandler
    startup_stm32f10x_hd.o(RESET) refers to usart3printf.o(.text) for USART3_IRQHandler
    startup_stm32f10x_hd.o(.text) refers to system_stm32f10x.o(.text) for SystemInit
    startup_stm32f10x_hd.o(.text) refers to entry.o(.ARM.Collect$$$$00000000) for __main
    stm32f10x_gpio.o(.text) refers to stm32f10x_rcc.o(.text) for RCC_APB2PeriphResetCmd
    stm32f10x_adc.o(.text) refers to stm32f10x_rcc.o(.text) for RCC_APB2PeriphResetCmd
    stm32f10x_bkp.o(.text) refers to stm32f10x_rcc.o(.text) for RCC_BackupResetCmd
    stm32f10x_can.o(.text) refers to stm32f10x_rcc.o(.text) for RCC_APB1PeriphResetCmd
    stm32f10x_cec.o(.text) refers to stm32f10x_rcc.o(.text) for RCC_APB1PeriphResetCmd
    stm32f10x_dac.o(.text) refers to stm32f10x_rcc.o(.text) for RCC_APB1PeriphResetCmd
    stm32f10x_i2c.o(.text) refers to stm32f10x_rcc.o(.text) for RCC_APB1PeriphResetCmd
    stm32f10x_pwr.o(.text) refers to stm32f10x_rcc.o(.text) for RCC_APB1PeriphResetCmd
    stm32f10x_spi.o(.text) refers to stm32f10x_rcc.o(.text) for RCC_APB2PeriphResetCmd
    stm32f10x_tim.o(.text) refers to stm32f10x_rcc.o(.text) for RCC_APB2PeriphResetCmd
    stm32f10x_usart.o(.text) refers to stm32f10x_rcc.o(.text) for RCC_APB2PeriphResetCmd
    stm32f10x_wwdg.o(.text) refers to stm32f10x_rcc.o(.text) for RCC_APB1PeriphResetCmd
    beep.o(.text) refers to system_stm32f10x.o(.text) for SystemInit
    beep.o(.text) refers to stm32f10x_rcc.o(.text) for RCC_APB2PeriphClockCmd
    beep.o(.text) refers to stm32f10x_gpio.o(.text) for GPIO_Init
    beep.o(.text) refers to systick.o(.text) for Delay_us
    key.o(.text) refers to stm32f10x_rcc.o(.text) for RCC_APB2PeriphClockCmd
    key.o(.text) refers to stm32f10x_gpio.o(.text) for GPIO_Init
    key.o(.text) refers to led.o(.text) for Led_Init
    key.o(.text) refers to systick.o(.text) for Delay_ms
    led.o(.text) refers to stm32f10x_rcc.o(.text) for RCC_APB2PeriphClockCmd
    led.o(.text) refers to stm32f10x_gpio.o(.text) for GPIO_Init
    led.o(.text) refers to systick.o(.text) for Delay_ms
    smg.o(.text) refers to stm32f10x_rcc.o(.text) for RCC_APB2PeriphClockCmd
    smg.o(.text) refers to stm32f10x_gpio.o(.text) for GPIO_Init
    smg.o(.text) refers to systick.o(.text) for Delay_ms
    main.o(.text) refers to system_clk.o(.text) for RCC_HSE_Config
    main.o(.text) refers to usart3printf.o(.text) for Usart3_232_Printf_Init
    main.o(.text) refers to lcd.o(.text) for TFTLCD_Init
    main.o(.text) refers to rtc.o(.text) for RTC_Init
    main.o(.text) refers to gui.o(.text) for LCD_Show_Date
    main.o(.text) refers to gui.o(.data) for issecondflag
    key_exti.o(.text) refers to stm32f10x_rcc.o(.text) for RCC_APB2PeriphClockCmd
    key_exti.o(.text) refers to stm32f10x_gpio.o(.text) for GPIO_Init
    key_exti.o(.text) refers to misc.o(.text) for NVIC_PriorityGroupConfig
    key_exti.o(.text) refers to stm32f10x_exti.o(.text) for EXTI_Init
    key_exti.o(.text) refers to systick.o(.text) for Delay_ms
    lcd.o(.text) refers to stm32f10x_rcc.o(.text) for RCC_APB2PeriphClockCmd
    lcd.o(.text) refers to stm32f10x_gpio.o(.text) for GPIO_Init
    lcd.o(.text) refers to stm32f10x_fsmc.o(.text) for FSMC_NORSRAMInit
    lcd.o(.text) refers to systick.o(.text) for Delay_ms
    lcd.o(.text) refers to printf8.o(i.__0printf$8) for __2printf
    lcd.o(.text) refers to lcd.o(.data) for tftlcd_data
    lcd.o(.text) refers to dflti.o(.text) for __aeabi_i2d
    lcd.o(.text) refers to pow.o(i.pow) for pow
    lcd.o(.text) refers to dfltui.o(.text) for __aeabi_ui2d
    lcd.o(.text) refers to ddiv.o(.text) for __aeabi_ddiv
    lcd.o(.text) refers to dfixui.o(.text) for __aeabi_d2uiz
    lcd.o(.text) refers to font.o(.constdata) for ascii_1206
    rtc.o(.text) refers to misc.o(.text) for NVIC_Init
    rtc.o(.text) refers to stm32f10x_rtc.o(.text) for RTC_GetCounter
    rtc.o(.text) refers to stm32f10x_rcc.o(.text) for RCC_APB1PeriphClockCmd
    rtc.o(.text) refers to stm32f10x_pwr.o(.text) for PWR_BackupAccessCmd
    rtc.o(.text) refers to stm32f10x_bkp.o(.text) for BKP_ReadBackupRegister
    rtc.o(.text) refers to systick.o(.text) for Delay_ms
    rtc.o(.text) refers to rtc.o(.constdata) for table_week
    rtc.o(.text) refers to rtc.o(.data) for daycnt
[...]
    printf6.o(i.__0vsnprintf$6) refers to printf6.o(i._snputc) for _snputc
    printf6.o(i.__0vsprintf$6) refers to printf6.o(i._printf_core) for _printf_core
    printf6.o(i.__0vsprintf$6) refers to printf6.o(i._sputc) for _sputc
    printf6.o(i._printf_core) refers to printf6.o(i._printf_pre_padding) for _printf_pre_padding
    printf6.o(i._printf_core) refers to uidiv.o(.text) for __aeabi_uidivmod
    printf6.o(i._printf_core) refers to printf6.o(i._printf_post_padding) for _printf_post_padding
    printf7.o(i.__0fprintf$7) refers to printf7.o(i._printf_core) for _printf_core
    printf7.o(i.__0fprintf$7) refers to usart3printf.o(.text) for fputc
    printf7.o(i.__0printf$7) refers to printf7.o(i._printf_core) for _printf_core
    printf7.o(i.__0printf$7) refers to usart3printf.o(.text) for fputc
    printf7.o(i.__0printf$7) refers to stdout.o(.data) for __stdout
    printf7.o(i.__0snprintf$7) refers to printf7.o(i._printf_core) for _printf_core
    printf7.o(i.__0snprintf$7) refers to printf7.o(i._snputc) for _snputc
    printf7.o(i.__0sprintf$7) refers to printf7.o(i._printf_core) for _printf_core
    printf7.o(i.__0sprintf$7) refers to printf7.o(i._sputc) for _sputc
    printf7.o(i.__0vfprintf$7) refers to printf7.o(i._printf_core) for _printf_core
    printf7.o(i.__0vfprintf$7) refers to usart3printf.o(.text) for fputc
    printf7.o(i.__0vprintf$7) refers to printf7.o(i._printf_core) for _printf_core
    printf7.o(i.__0vprintf$7) refers to usart3printf.o(.text) for fputc
    printf7.o(i.__0vprintf$7) refers to stdout.o(.data) for __stdout
    printf7.o(i.__0vsnprintf$7) refers to printf7.o(i._printf_core) for _printf_core
    printf7.o(i.__0vsnprintf$7) refers to printf7.o(i._snputc) for _snputc
    printf7.o(i.__0vsprintf$7) refers to printf7.o(i._printf_core) for _printf_core
    printf7.o(i.__0vsprintf$7) refers to printf7.o(i._sputc) for _sputc
    printf7.o(i._printf_core) refers to printf7.o(i._printf_pre_padding) for _printf_pre_padding
    printf7.o(i._printf_core) refers to uldiv.o(.text) for __aeabi_uldivmod
    printf7.o(i._printf_core) refers to printf7.o(i._printf_post_padding) for _printf_post_padding
    printf8.o(i.__0fprintf$8) refers to printf8.o(i._printf_core) for _printf_core
    printf8.o(i.__0fprintf$8) refers to usart3printf.o(.text) for fputc
    printf8.o(i.__0printf$8) refers to printf8.o(i._printf_core) for _printf_core
    printf8.o(i.__0printf$8) refers to usart3printf.o(.text) for fputc
    printf8.o(i.__0printf$8) refers to stdout.o(.data) for __stdout
    printf8.o(i.__0snprintf$8) refers to printf8.o(i._printf_core) for _printf_core
    printf8.o(i.__0snprintf$8) refers to printf8.o(i._snputc) for _snputc
    printf8.o(i.__0sprintf$8) refers to printf8.o(i._printf_core) for _printf_core
    printf8.o(i.__0sprintf$8) refers to printf8.o(i._sputc) for _sputc
    printf8.o(i.__0vfprintf$8) refers to printf8.o(i._printf_core) for _printf_core
    printf8.o(i.__0vfprintf$8) refers to usart3printf.o(.text) for fputc
    printf8.o(i.__0vprintf$8) refers to printf8.o(i._printf_core) for _printf_core
    printf8.o(i.__0vprintf$8) refers to usart3printf.o(.text) for fputc
    printf8.o(i.__0vprintf$8) refers to stdout.o(.data) for __stdout
    printf8.o(i.__0vsnprintf$8) refers to printf8.o(i._printf_core) for _printf_core
    printf8.o(i.__0vsnprintf$8) refers to printf8.o(i._snputc) for _snputc
    printf8.o(i.__0vsprintf$8) refers to printf8.o(i._printf_core) for _printf_core
    printf8.o(i.__0vsprintf$8) refers to printf8.o(i._sputc) for _sputc
    printf8.o(i._printf_core) refers to printf8.o(i._printf_pre_padding) for _printf_pre_padding
    printf8.o(i._printf_core) refers to uldiv.o(.text) for __aeabi_uldivmod
    printf8.o(i._printf_core) refers to printf8.o(i._printf_post_padding) for _printf_post_padding
    printfa.o(i.__0fprintf) refers (Special) to iusefp.o(.text) for __I$use$fp
    printfa.o(i.__0fprintf) refers to printfa.o(i._printf_core) for _printf_core
    printfa.o(i.__0fprintf) refers to usart3printf.o(.text) for fputc
    printfa.o(i.__0printf) refers (Special) to iusefp.o(.text) for __I$use$fp
    printfa.o(i.__0printf) refers to printfa.o(i._printf_core) for _printf_core
    printfa.o(i.__0printf) refers to usart3printf.o(.text) for fputc
    printfa.o(i.__0printf) refers to stdout.o(.data) for __stdout
    printfa.o(i.__0snprintf) refers (Special) to iusefp.o(.text) for __I$use$fp
    printfa.o(i.__0snprintf) refers to printfa.o(i._printf_core) for _printf_core
    printfa.o(i.__0snprintf) refers to printfa.o(i._snputc) for _snputc
    printfa.o(i.__0sprintf) refers (Special) to iusefp.o(.text) for __I$use$fp
    printfa.o(i.__0sprintf) refers to printfa.o(i._printf_core) for _printf_core
    printfa.o(i.__0sprintf) refers to printfa.o(i._sputc) for _sputc
    printfa.o(i.__0vfprintf) refers (Special) to iusefp.o(.text) for __I$use$fp
    printfa.o(i.__0vfprintf) refers to printfa.o(i._printf_core) for _printf_core
    printfa.o(i.__0vfprintf) refers to usart3printf.o(.text) for fputc
    printfa.o(i.__0vprintf) refers (Special) to iusefp.o(.text) for __I$use$fp
    printfa.o(i.__0vprintf) refers to printfa.o(i._printf_core) for _printf_core
    printfa.o(i.__0vprintf) refers to usart3printf.o(.text) for fputc
    printfa.o(i.__0vprintf) refers to stdout.o(.data) for __stdout
    printfa.o(i.__0vsnprintf) refers (Special) to iusefp.o(.text) for __I$use$fp
    printfa.o(i.__0vsnprintf) refers to printfa.o(i._printf_core) for _printf_core
    printfa.o(i.__0vsnprintf) refers to printfa.o(i._snputc) for _snputc
    printfa.o(i.__0vsprintf) refers (Special) to iusefp.o(.text) for __I$use$fp
    printfa.o(i.__0vsprintf) refers to printfa.o(i._printf_core) for _printf_core
    printfa.o(i.__0vsprintf) refers to printfa.o(i._sputc) for _sputc
    printfa.o(i._fp_digits) refers (Special) to iusefp.o(.text) for __I$use$fp
    printfa.o(i._fp_digits) refers to dmul.o(.text) for __aeabi_dmul
    printfa.o(i._fp_digits) refers to ddiv.o(.text) for __aeabi_ddiv
    printfa.o(i._fp_digits) refers to cdrcmple.o(.text) for __aeabi_cdrcmple
    printfa.o(i._fp_digits) refers to dadd.o(.text) for __aeabi_dadd
    printfa.o(i._fp_digits) refers to dfixul.o(.text) for __aeabi_d2ulz
    printfa.o(i._fp_digits) refers to uldiv.o(.text) for __aeabi_uldivmod
    printfa.o(i._printf_core) refers (Special) to iusefp.o(.text) for __I$use$fp
    printfa.o(i._printf_core) refers to printfa.o(i._printf_pre_padding) for _printf_pre_padding
    printfa.o(i._printf_core) refers to uldiv.o(.text) for __aeabi_uldivmod
    printfa.o(i._printf_core) refers to printfa.o(i._printf_post_padding) for _printf_post_padding
    printfa.o(i._printf_core) refers to printfa.o(i._fp_digits) for _fp_digits
    printfa.o(i._printf_core) refers to uidiv.o(.text) for __aeabi_uidivmod
    printfa.o(i._printf_post_padding) refers (Special) to iusefp.o(.text) for __I$use$fp
    printfa.o(i._printf_pre_padding) refers (Special) to iusefp.o(.text) for __I$use$fp
    printfa.o(i._snputc) refers (Special) to iusefp.o(.text) for __I$use$fp
    printfa.o(i._sputc) refers (Special) to iusefp.o(.text) for __I$use$fp
    dadd.o(.text) refers (Special) to iusefp.o(.text) for __I$use$fp
    dadd.o(.text) refers to llshl.o(.text) for __aeabi_llsl
    dadd.o(.text) refers to llsshr.o(.text) for __aeabi_lasr
    dadd.o(.text) refers to depilogue.o(.text) for _double_epilogue
    dmul.o(.text) refers (Special) to iusefp.o(.text) for __I$use$fp
    dmul.o(.text) refers to depilogue.o(.text) for _double_epilogue
    ddiv.o(.text) refers (Special) to iusefp.o(.text) for __I$use$fp
    ddiv.o(.text) refers to depilogue.o(.text) for _double_round
    dflti.o(.text) refers (Special) to iusefp.o(.text) for __I$use$fp
    dflti.o(.text) refers to depilogue.o(.text) for _double_epilogue
    dfltui.o(.text) refers (Special) to iusefp.o(.text) for __I$use$fp
    dfltui.o(.text) refers to depilogue.o(.text) for _double_epilogue
    dfixui.o(.text) refers (Special) to iusefp.o(.text) for __I$use$fp
    dfixui.o(.text) refers to llushr.o(.text) for __aeabi_llsr
    cos_i.o(i.__kernel_cos) refers (Special) to iusefp.o(.text) for __I$use$fp
    cos_i.o(i.__kernel_cos) refers to dfixi.o(.text) for __aeabi_d2iz
    cos_i.o(i.__kernel_cos) refers to dmul.o(.text) for __aeabi_dmul
    cos_i.o(i.__kernel_cos) refers to poly.o(i.__kernel_poly) for __kernel_poly
    cos_i.o(i.__kernel_cos) refers to dadd.o(.text) for __aeabi_dsub
    cos_i.o(i.__kernel_cos) refers to dscalb.o(.text) for __ARM_scalbn
    cos_i.o(i.__kernel_cos) refers to cos_i.o(.constdata) for .constdata
    cos_i.o(.constdata) refers (Special) to iusefp.o(.text) for __I$use$fp
    dunder.o(i.__mathlib_dbl_divzero) refers to ddiv.o(.text) for __aeabi_ddiv
    dunder.o(i.__mathlib_dbl_infnan) refers to dscalb.o(.text) for __ARM_scalbn
    dunder.o(i.__mathlib_dbl_infnan2) refers to dadd.o(.text) for __aeabi_dadd
    dunder.o(i.__mathlib_dbl_invalid) refers to ddiv.o(.text) for __aeabi_ddiv
    dunder.o(i.__mathlib_dbl_overflow) refers to dscalb.o(.text) for __ARM_scalbn
    dunder.o(i.__mathlib_dbl_posinfnan) refers to dmul.o(.text) for __aeabi_dmul
    dunder.o(i.__mathlib_dbl_underflow) refers to dscalb.o(.text) for __ARM_scalbn
    fpclassify.o(i.__ARM_fpclassify) refers (Special) to iusefp.o(.text) for __I$use$fp
    poly.o(i.__kernel_poly) refers (Special) to iusefp.o(.text) for __I$use$fp
    poly.o(i.__kernel_poly) refers to dmul.o(.text) for __aeabi_dmul
    poly.o(i.__kernel_poly) refers to dadd.o(.text) for __aeabi_dadd
    qnan.o(.constdata) refers (Special) to iusefp.o(.text) for __I$use$fp
    rred.o(i.__ieee754_rem_pio2) refers (Special) to iusefp.o(.text) for __I$use$fp
    rred.o(i.__ieee754_rem_pio2) refers to dadd.o(.text) for __aeabi_dsub
    rred.o(i.__ieee754_rem_pio2) refers to dmul.o(.text) for __aeabi_dmul
    rred.o(i.__ieee754_rem_pio2) refers to dfixi.o(.text) for __aeabi_d2iz
    rred.o(i.__ieee754_rem_pio2) refers to dflti.o(.text) for __aeabi_i2d
    rred.o(i.__ieee754_rem_pio2) refers to dfltui.o(.text) for __aeabi_ui2d
    rred.o(i.__ieee754_rem_pio2) refers to dscalb.o(.text) for __ARM_scalbn
    rred.o(i.__ieee754_rem_pio2) refers to rred.o(.constdata) for .constdata
    rred.o(i.__use_accurate_range_reduction) refers (Special) to iusefp.o(.text) for __I$use$fp
    rred.o(.constdata) refers (Special) to iusefp.o(.text) for __I$use$fp
    sin_i.o(i.__kernel_sin) refers (Special) to iusefp.o(.text) for __I$use$fp
    sin_i.o(i.__kernel_sin) refers to fpclassify.o(i.__ARM_fpclassify) for __ARM_fpclassify
    sin_i.o(i.__kernel_sin) refers to dunder.o(i.__mathlib_dbl_underflow) for __mathlib_dbl_underflow
    sin_i.o(i.__kernel_sin) refers to dmul.o(.text) for __aeabi_dmul
    sin_i.o(i.__kernel_sin) refers to poly.o(i.__kernel_poly) for __kernel_poly
    sin_i.o(i.__kernel_sin) refers to dscalb.o(.text) for __ARM_scalbn
    sin_i.o(i.__kernel_sin) refers to dadd.o(.text) for __aeabi_dsub
    sin_i.o(i.__kernel_sin) refers to sin_i.o(.constdata) for .constdata
    sin_i.o(.constdata) refers (Special) to iusefp.o(.text) for __I$use$fp
    sin_i_x.o(i.____kernel_sin$lsc) refers (Special) to iusefp.o(.text) for __I$use$fp
    sin_i_x.o(i.____kernel_sin$lsc) refers to dmul.o(.text) for __aeabi_dmul
    sin_i_x.o(i.____kernel_sin$lsc) refers to poly.o(i.__kernel_poly) for __kernel_poly
    sin_i_x.o(i.____kernel_sin$lsc) refers to dscalb.o(.text) for __ARM_scalbn
    sin_i_x.o(i.____kernel_sin$lsc) refers to dadd.o(.text) for __aeabi_dsub
    sin_i_x.o(i.____kernel_sin$lsc) refers to sin_i_x.o(.constdata) for .constdata
    sin_i_x.o(.constdata) refers (Special) to iusefp.o(.text) for __I$use$fp
    sqrt.o(i.__softfp_sqrt) refers (Special) to iusefp.o(.text) for __I$use$fp
    sqrt.o(i.__softfp_sqrt) refers to dsqrt.o(.text) for _dsqrt
    sqrt.o(i.__softfp_sqrt) refers to errno.o(i.__set_errno) for __set_errno
    sqrt.o(i.sqrt) refers (Special) to iusefp.o(.text) for __I$use$fp
    sqrt.o(i.sqrt) refers to dsqrt.o(.text) for _dsqrt
    sqrt.o(i.sqrt) refers to errno.o(i.__set_errno) for __set_errno
    sqrt_x.o(i.____softfp_sqrt$lsc) refers (Special) to iusefp.o(.text) for __I$use$fp
    sqrt_x.o(i.____softfp_sqrt$lsc) refers to cdcmple.o(.text) for __aeabi_cdcmple
    sqrt_x.o(i.____softfp_sqrt$lsc) refers to errno.o(i.__set_errno) for __set_errno
    sqrt_x.o(i.____softfp_sqrt$lsc) refers to dsqrt.o(.text) for _dsqrt
    sqrt_x.o(i.__sqrt$lsc) refers (Special) to iusefp.o(.text) for __I$use$fp
    sqrt_x.o(i.__sqrt$lsc) refers to cdcmple.o(.text) for __aeabi_cdcmple
    sqrt_x.o(i.__sqrt$lsc) refers to errno.o(i.__set_errno) for __set_errno
    sqrt_x.o(i.__sqrt$lsc) refers to dsqrt.o(.text) for _dsqrt
    entry2.o(.ARM.Collect$$$$00000001) refers to entry2.o(.ARM.Collect$$$$00002712) for __lit__00000000
    entry2.o(.ARM.Collect$$$$00002712) refers to startup_stm32f10x_hd.o(STACK) for __initial_sp
    entry2.o(__vectab_stack_and_reset_area) refers to startup_stm32f10x_hd.o(STACK) for __initial_sp
    entry2.o(__vectab_stack_and_reset_area) refers to entry.o(.ARM.Collect$$$$00000000) for __main
    entry5.o(.ARM.Collect$$$$00000004) refers to init.o(.text) for __scatterload
    entry9a.o(.ARM.Collect$$$$0000000B) refers to main.o(.text) for main
    entry9b.o(.ARM.Collect$$$$0000000C) refers to main.o(.text) for main
    uldiv.o(.text) refers to llushr.o(.text) for __aeabi_llsr
    uldiv.o(.text) refers to llshl.o(.text) for __aeabi_llsl
    errno.o(i.__aeabi_errno_addr) refers to errno.o(.data) for .data
    errno.o(i.__read_errno) refers to errno.o(.data) for .data
    errno.o(i.__set_errno) refers to errno.o(.data) for .data
    depilogue.o(.text) refers to llshl.o(.text) for __aeabi_llsl
    depilogue.o(.text) refers to llushr.o(.text) for __aeabi_llsr
    dfixul.o(.text) refers to llushr.o(.text) for __aeabi_llsr
    dfixul.o(.text) refers to llshl.o(.text) for __aeabi_llsl
    init.o(.text) refers to entry5.o(.ARM.Collect$$$$00000004) for __main_after_scatterload
    dsqrt.o(.text) refers to llushr.o(.text) for __aeabi_llsr
    dsqrt.o(.text) refers to depilogue.o(.text) for _double_round
    dfixi.o(.text) refers to llushr.o(.text) for __aeabi_llsr


==============================================================================

Removing Unused input sections from the image.

    Removing core_cm3.o(.emb_text), (32 bytes).
    Removing startup_stm32f10x_hd.o(HEAP), (512 bytes).
    Removing stm32f10x_adc.o(.text), (1102 bytes).
    Removing stm32f10x_can.o(.text), (2544 bytes).
    Removing stm32f10x_cec.o(.text), (288 bytes).
    Removing stm32f10x_crc.o(.text), (72 bytes).
    Removing stm32f10x_dac.o(.text), (396 bytes).
    Removing stm32f10x_dbgmcu.o(.text), (48 bytes).
    Removing stm32f10x_dma.o(.text), (596 bytes).
    Removing stm32f10x_flash.o(.text), (1468 bytes).
    Removing stm32f10x_i2c.o(.text), (1028 bytes).
    Removing stm32f10x_iwdg.o(.text), (64 bytes).
    Removing stm32f10x_sdio.o(.text), (468 bytes).
    Removing stm32f10x_spi.o(.text), (780 bytes).
    Removing stm32f10x_tim.o(.text), (3610 bytes).
    Removing stm32f10x_wwdg.o(.text), (136 bytes).
    Removing beep.o(.text), (108 bytes).
    Removing key.o(.text), (284 bytes).
    Removing led.o(.text), (148 bytes).
    Removing smg.o(.text), (120 bytes).
    Removing dfixul.o(.text), (48 bytes).
    Removing cdcmple.o(.text), (48 bytes).

22 unused section(s) (total 13900 bytes) removed from the image.

==============================================================================

Image Symbol Table

    Local Symbols

    Symbol Name                              Value     Ov Type        Size  Object(Section)

    ../clib/microlib/division.c              0x00000000   Number         0  uldiv.o ABSOLUTE
    ../clib/microlib/division.c              0x00000000   Number         0  uidiv.o ABSOLUTE
    ../clib/microlib/errno.c                 0x00000000   Number         0  errno.o ABSOLUTE
    ../clib/microlib/init/entry.s            0x00000000   Number         0  entry.o ABSOLUTE
    ../clib/microlib/init/entry.s            0x00000000   Number         0  entry2.o ABSOLUTE
    ../clib/microlib/init/entry.s            0x00000000   Number         0  entry10a.o ABSOLUTE
    ../clib/microlib/init/entry.s            0x00000000   Number         0  entry8a.o ABSOLUTE
    ../clib/microlib/init/entry.s            0x00000000   Number         0  entry9a.o ABSOLUTE
    ../clib/microlib/init/entry.s            0x00000000   Number         0  entry10b.o ABSOLUTE
    ../clib/microlib/init/entry.s            0x00000000   Number         0  entry11a.o ABSOLUTE
    ../clib/microlib/init/entry.s            0x00000000   Number         0  entry8b.o ABSOLUTE
    ../clib/microlib/init/entry.s            0x00000000   Number         0  entry11b.o ABSOLUTE
    ../clib/microlib/init/entry.s            0x00000000   Number         0  entry9b.o ABSOLUTE
    ../clib/microlib/init/entry.s            0x00000000   Number         0  entry7b.o ABSOLUTE
    ../clib/microlib/init/entry.s            0x00000000   Number         0  entry7a.o ABSOLUTE
    ../clib/microlib/init/entry.s            0x00000000   Number         0  entry5.o ABSOLUTE
    ../clib/microlib/longlong.c              0x00000000   Number         0  llshl.o ABSOLUTE
    ../clib/microlib/longlong.c              0x00000000   Number         0  llushr.o ABSOLUTE
    ../clib/microlib/longlong.c              0x00000000   Number         0  llsshr.o ABSOLUTE
    ../clib/microlib/printf/printf.c         0x00000000   Number         0  printf3.o ABSOLUTE
    ../clib/microlib/printf/printf.c         0x00000000   Number         0  printf2.o ABSOLUTE
    ../clib/microlib/printf/printf.c         0x00000000   Number         0  printf1.o ABSOLUTE
    ../clib/microlib/printf/printf.c         0x00000000   Number         0  printf8.o ABSOLUTE
    ../clib/microlib/printf/printf.c         0x00000000   Number         0  printf4.o ABSOLUTE
    ../clib/microlib/printf/printf.c         0x00000000   Number         0  printf0.o ABSOLUTE
    ../clib/microlib/printf/printf.c         0x00000000   Number         0  printfb.o ABSOLUTE
    ../clib/microlib/printf/printf.c         0x00000000   Number         0  printf5.o ABSOLUTE
    ../clib/microlib/printf/printf.c         0x00000000   Number         0  printf6.o ABSOLUTE
    ../clib/microlib/printf/printf.c         0x00000000   Number         0  printf7.o ABSOLUTE
    ../clib/microlib/printf/printf.c         0x00000000   Number         0  printfa.o ABSOLUTE
    ../clib/microlib/printf/stubs.s          0x00000000   Number         0  stubs.o ABSOLUTE
    ../clib/microlib/stdio/streams.c         0x00000000   Number         0  stdout.o ABSOLUTE
    ../clib/microlib/string/memcpy.c         0x00000000   Number         0  memcpyb.o ABSOLUTE
    ../clib/microlib/string/memcpy.c         0x00000000   Number         0  memcpya.o ABSOLUTE
    ../clib/microlib/stubs.s                 0x00000000   Number         0  iusefp.o ABSOLUTE
    ../fplib/microlib/fpadd.c                0x00000000   Number         0  dadd.o ABSOLUTE
    ../fplib/microlib/fpdiv.c                0x00000000   Number         0  ddiv.o ABSOLUTE
    ../fplib/microlib/fpepilogue.c           0x00000000   Number         0  depilogue.o ABSOLUTE
    ../fplib/microlib/fpfix.c                0x00000000   Number         0  dfixi.o ABSOLUTE
    ../fplib/microlib/fpfix.c                0x00000000   Number         0  dfixul.o ABSOLUTE
    ../fplib/microlib/fpfix.c                0x00000000   Number         0  dfixui.o ABSOLUTE
    ../fplib/microlib/fpflt.c                0x00000000   Number         0  dfltui.o ABSOLUTE
    ../fplib/microlib/fpflt.c                0x00000000   Number         0  dflti.o ABSOLUTE
    ../fplib/microlib/fpmul.c                0x00000000   Number         0  dmul.o ABSOLUTE
    ../fplib/microlib/fpscalb.c              0x00000000   Number         0  dscalb.o ABSOLUTE
    ../fplib/microlib/fpsqrt.c               0x00000000   Number         0  dsqrt.o ABSOLUTE
    ../mathlib/cos.c                         0x00000000   Number         0  cos.o ABSOLUTE
    ../mathlib/cos.c                         0x00000000   Number         0  cos_x.o ABSOLUTE
    ../mathlib/cos_i.c                       0x00000000   Number         0  cos_i.o ABSOLUTE
    ../mathlib/dunder.c                      0x00000000   Number         0  dunder.o ABSOLUTE
    ../mathlib/fpclassify.c                  0x00000000   Number         0  fpclassify.o ABSOLUTE
    ../mathlib/poly.c                        0x00000000   Number         0  poly.o ABSOLUTE
    ../mathlib/pow.c                         0x00000000   Number         0  pow_x.o ABSOLUTE
    ../mathlib/pow.c                         0x00000000   Number         0  pow.o ABSOLUTE
    ../mathlib/qnan.c                        0x00000000   Number         0  qnan.o ABSOLUTE
    ../mathlib/rred.c                        0x00000000   Number         0  rred.o ABSOLUTE
    ../mathlib/sin.c                         0x00000000   Number         0  sin.o ABSOLUTE
    ../mathlib/sin.c                         0x00000000   Number         0  sin_x.o ABSOLUTE
    ../mathlib/sin_i.c                       0x00000000   Number         0  sin_i.o ABSOLUTE
    ../mathlib/sin_i.c                       0x00000000   Number         0  sin_i_x.o ABSOLUTE
    ../mathlib/sqrt.c                        0x00000000   Number         0  sqrt_x.o ABSOLUTE
    ../mathlib/sqrt.c                        0x00000000   Number         0  sqrt.o ABSOLUTE
    ..\\libraries\\en.stsw-stm32054\\STM32F10x_StdPeriph_Lib_V3.5.0\\Libraries\\CMSIS\\CM3\\CoreSupport\\core_cm3.c 0x00000000   Number         0  core_cm3.o ABSOLUTE
    ..\libraries\en.stsw-stm32054\STM32F10x_StdPeriph_Lib_V3.5.0\Libraries\CMSIS\CM3\CoreSupport\core_cm3.c 0x00000000   Number         0  core_cm3.o ABSOLUTE
    ..\libraries\en.stsw-stm32054\STM32F10x_StdPeriph_Lib_V3.5.0\Libraries\CMSIS\CM3\DeviceSupport\ST\STM32F10x\startup\arm\startup_stm32f10x_hd.s 0x00000000   Number         0  startup_stm32f10x_hd.o ABSOLUTE
    ..\libraries\en.stsw-stm32054\STM32F10x_StdPeriph_Lib_V3.5.0\Libraries\CMSIS\CM3\DeviceSupport\ST\STM32F10x\system_stm32f10x.c 0x00000000   Number         0  system_stm32f10x.o ABSOLUTE
    ..\libraries\en.stsw-stm32054\STM32F10x_StdPeriph_Lib_V3.5.0\Libraries\STM32F10x_StdPeriph_Driver\src\misc.c 0x00000000   Number         0  misc.o ABSOLUTE
    ..\libraries\en.stsw-stm32054\STM32F10x_StdPeriph_Lib_V3.5.0\Libraries\STM32F10x_StdPeriph_Driver\src\stm32f10x_adc.c 0x00000000   Number         0  stm32f10x_adc.o ABSOLUTE
    ..\libraries\en.stsw-stm32054\STM32F10x_StdPeriph_Lib_V3.5.0\Libraries\STM32F10x_StdPeriph_Driver\src\stm32f10x_bkp.c 0x00000000   Number         0  stm32f10x_bkp.o ABSOLUTE
    ..\libraries\en.stsw-stm32054\STM32F10x_StdPeriph_Lib_V3.5.0\Libraries\STM32F10x_StdPeriph_Driver\src\stm32f10x_can.c 0x00000000   Number         0  stm32f10x_can.o ABSOLUTE
    ..\libraries\en.stsw-stm32054\STM32F10x_StdPeriph_Lib_V3.5.0\Libraries\STM32F10x_StdPeriph_Driver\src\stm32f10x_cec.c 0x00000000   Number         0  stm32f10x_cec.o ABSOLUTE
    ..\libraries\en.stsw-stm32054\STM32F10x_StdPeriph_Lib_V3.5.0\Libraries\STM32F10x_StdPeriph_Driver\src\stm32f10x_crc.c 0x00000000   Number         0  stm32f10x_crc.o ABSOLUTE
    ..\libraries\en.stsw-stm32054\STM32F10x_StdPeriph_Lib_V3.5.0\Libraries\STM32F10x_StdPeriph_Driver\src\stm32f10x_dac.c 0x00000000   Number         0  stm32f10x_dac.o ABSOLUTE
    ..\libraries\en.stsw-stm32054\STM32F10x_StdPeriph_Lib_V3.5.0\Libraries\STM32F10x_StdPeriph_Driver\src\stm32f10x_dbgmcu.c 0x00000000   Number         0  stm32f10x_dbgmcu.o ABSOLUTE
    ..\libraries\en.stsw-stm32054\STM32F10x_StdPeriph_Lib_V3.5.0\Libraries\STM32F10x_StdPeriph_Driver\src\stm32f10x_dma.c 0x00000000   Number         0  stm32f10x_dma.o ABSOLUTE
    ..\libraries\en.stsw-stm32054\STM32F10x_StdPeriph_Lib_V3.5.0\Libraries\STM32F10x_StdPeriph_Driver\src\stm32f10x_exti.c 0x00000000   Number         0  stm32f10x_exti.o ABSOLUTE
    ..\libraries\en.stsw-stm32054\STM32F10x_StdPeriph_Lib_V3.5.0\Libraries\STM32F10x_StdPeriph_Driver\src\stm32f10x_flash.c 0x00000000   Number         0  stm32f10x_flash.o ABSOLUTE
    ..\libraries\en.stsw-stm32054\STM32F10x_StdPeriph_Lib_V3.5.0\Libraries\STM32F10x_StdPeriph_Driver\src\stm32f10x_fsmc.c 0x00000000   Number         0  stm32f10x_fsmc.o ABSOLUTE
    ..\libraries\en.stsw-stm32054\STM32F10x_StdPeriph_Lib_V3.5.0\Libraries\STM32F10x_StdPeriph_Driver\src\stm32f10x_gpio.c 0x00000000   Number         0  stm32f10x_gpio.o ABSOLUTE
    ..\libraries\en.stsw-stm32054\STM32F10x_StdPeriph_Lib_V3.5.0\Libraries\STM32F10x_StdPeriph_Driver\src\stm32f10x_i2c.c 0x00000000   Number         0  stm32f10x_i2c.o ABSOLUTE
    ..\libraries\en.stsw-stm32054\STM32F10x_StdPeriph_Lib_V3.5.0\Libraries\STM32F10x_StdPeriph_Driver\src\stm32f10x_iwdg.c 0x00000000   Number         0  stm32f10x_iwdg.o ABSOLUTE
    ..\libraries\en.stsw-stm32054\STM32F10x_StdPeriph_Lib_V3.5.0\Libraries\STM32F10x_StdPeriph_Driver\src\stm32f10x_pwr.c 0x00000000   Number         0  stm32f10x_pwr.o ABSOLUTE
    ..\libraries\en.stsw-stm32054\STM32F10x_StdPeriph_Lib_V3.5.0\Libraries\STM32F10x_StdPeriph_Driver\src\stm32f10x_rcc.c 0x00000000   Number         0  stm32f10x_rcc.o ABSOLUTE
    ..\libraries\en.stsw-stm32054\STM32F10x_StdPeriph_Lib_V3.5.0\Libraries\STM32F10x_StdPeriph_Driver\src\stm32f10x_rtc.c 0x00000000   Number         0  stm32f10x_rtc.o ABSOLUTE
    ..\libraries\en.stsw-stm32054\STM32F10x_StdPeriph_Lib_V3.5.0\Libraries\STM32F10x_StdPeriph_Driver\src\stm32f10x_sdio.c 0x00000000   Number         0  stm32f10x_sdio.o ABSOLUTE
    ..\libraries\en.stsw-stm32054\STM32F10x_StdPeriph_Lib_V3.5.0\Libraries\STM32F10x_StdPeriph_Driver\src\stm32f10x_spi.c 0x00000000   Number         0  stm32f10x_spi.o ABSOLUTE
    ..\libraries\en.stsw-stm32054\STM32F10x_StdPeriph_Lib_V3.5.0\Libraries\STM32F10x_StdPeriph_Driver\src\stm32f10x_tim.c 0x00000000   Number         0  stm32f10x_tim.o ABSOLUTE
    ..\libraries\en.stsw-stm32054\STM32F10x_StdPeriph_Lib_V3.5.0\Libraries\STM32F10x_StdPeriph_Driver\src\stm32f10x_usart.c 0x00000000   Number         0  stm32f10x_usart.o ABSOLUTE
    ..\libraries\en.stsw-stm32054\STM32F10x_StdPeriph_Lib_V3.5.0\Libraries\STM32F10x_StdPeriph_Driver\src\stm32f10x_wwdg.c 0x00000000   Number         0  stm32f10x_wwdg.o ABSOLUTE
    ..\libraries\en.stsw-stm32054\STM32F10x_StdPeriph_Lib_V3.5.0\Project\STM32F10x_StdPeriph_Template\stm32f10x_it.c 0x00000000   Number         0  stm32f10x_it.o ABSOLUTE
    ..\src\beep.c                            0x00000000   Number         0  beep.o ABSOLUTE
    ..\src\bit_band.c                        0x00000000   Number         0  bit_band.o ABSOLUTE
    ..\src\font.c                            0x00000000   Number         0  font.o ABSOLUTE
    ..\src\gui.c                             0x00000000   Number         0  gui.o ABSOLUTE
    ..\src\key.c                             0x00000000   Number         0  key.o ABSOLUTE
    ..\src\key_exti.c                        0x00000000   Number         0  key_exti.o ABSOLUTE
    ..\src\lcd.c                             0x00000000   Number         0  lcd.o ABSOLUTE
    ..\src\led.c                             0x00000000   Number         0  led.o ABSOLUTE
    ..\src\main.c                            0x00000000   Number         0  main.o ABSOLUTE
    ..\src\rtc.c                             0x00000000   Number         0  rtc.o ABSOLUTE
    ..\src\smg.c                             0x00000000   Number         0  smg.o ABSOLUTE
    ..\src\system_clk.c                      0x00000000   Number         0  system_clk.o ABSOLUTE
    ..\src\systick.c                         0x00000000   Number         0  systick.o ABSOLUTE
    ..\src\usart3printf.c                    0x00000000   Number         0  usart3printf.o ABSOLUTE
    cdcmple.s                                0x00000000   Number         0  cdcmple.o ABSOLUTE
    cdrcmple.s                               0x00000000   Number         0  cdrcmple.o ABSOLUTE
    dc.s                                     0x00000000   Number         0  dc.o ABSOLUTE
    handlers.s                               0x00000000   Number         0  handlers.o ABSOLUTE
    init.s                                   0x00000000   Number         0  init.o ABSOLUTE
    RESET                                    0x08000000   Section      304  startup_stm32f10x_hd.o(RESET)
    .ARM.Collect$$$$00000000                 0x08000130   Section        0  entry.o(.ARM.Collect$$$$00000000)
    .ARM.Collect$$$$00000001                 0x08000130   Section        4  entry2.o(.ARM.Collect$$$$00000001)
    .ARM.Collect$$$$00000004                 0x08000134   Section        4  entry5.o(.ARM.Collect$$$$00000004)
    .ARM.Collect$$$$00000008                 0x08000138   Section        0  entry7b.o(.ARM.Collect$$$$00000008)
    .ARM.Collect$$$$0000000A                 0x08000138   Section        0  entry8b.o(.ARM.Collect$$$$0000000A)
    .ARM.Collect$$$$0000000B                 0x08000138   Section        8  entry9a.o(.ARM.Collect$$$$0000000B)
    .ARM.Collect$$$$0000000D                 0x08000140   Section        0  entry10a.o(.ARM.Collect$$$$0000000D)
    .ARM.Collect$$$$0000000F                 0x08000140   Section        0  entry11a.o(.ARM.Collect$$$$0000000F)
    .ARM.Collect$$$$00002712                 0x08000140   Section        4  entry2.o(.ARM.Collect$$$$00002712)
    __lit__00000000                          0x08000140   Data           4  entry2.o(.ARM.Collect$$$$00002712)
    .text                                    0x08000144   Section        0  stm32f10x_rcc.o(.text)
    .text                                    0x080004e8   Section        0  system_stm32f10x.o(.text)
    SetSysClockTo72                          0x080004e9   Thumb Code   214  system_stm32f10x.o(.text)
    SetSysClock                              0x080005bf   Thumb Code     8  system_stm32f10x.o(.text)
    .text                                    0x080006c8   Section       36  startup_stm32f10x_hd.o(.text)
    .text                                    0x080006ec   Section        0  stm32f10x_gpio.o(.text)
    .text                                    0x08000a48   Section        0  stm32f10x_it.o(.text)
    .text                                    0x08000a64   Section        0  misc.o(.text)
    .text                                    0x08000b40   Section        0  stm32f10x_bkp.o(.text)
    .text                                    0x08000c04   Section        0  stm32f10x_exti.o(.text)
    .text                                    0x08000d20   Section        0  stm32f10x_fsmc.o(.text)
    .text                                    0x0800132c   Section        0  stm32f10x_pwr.o(.text)
    .text                                    0x080013f8   Section        0  stm32f10x_rtc.o(.text)
    .text                                    0x08001540   Section        0  stm32f10x_usart.o(.text)
    .text                                    0x08001948   Section        0  systick.o(.text)
    .text                                    0x080019b8   Section        0  main.o(.text)
    .text                                    0x08001adc   Section        0  key_exti.o(.text)
    .text                                    0x08001bac   Section        0  lcd.o(.text)
    .text                                    0x08002b70   Section        0  rtc.o(.text)
    RTC_NVIC_Config                          0x08002b71   Thumb Code    32  rtc.o(.text)
    .text                                    0x08002fa8   Section        0  system_clk.o(.text)
    .text                                    0x08002ffc   Section        0  usart3printf.o(.text)
    .text                                    0x08003124   Section        0  gui.o(.text)
    .text                                    0x08003f60   Section        0  memcpya.o(.text)
    .text                                    0x08003f84   Section        0  dadd.o(.text)
    .text                                    0x080040d2   Section        0  dmul.o(.text)
    .text                                    0x080041b6   Section        0  ddiv.o(.text)
    .text                                    0x08004294   Section        0  dflti.o(.text)
    .text                                    0x080042b6   Section        0  dfltui.o(.text)
    .text                                    0x080042d0   Section        0  dfixui.o(.text)
    .text                                    0x08004302   Section        0  uldiv.o(.text)
    .text                                    0x08004364   Section        0  llshl.o(.text)
    .text                                    0x08004382   Section        0  llushr.o(.text)
    .text                                    0x080043a2   Section        0  llsshr.o(.text)
    .text                                    0x080043c6   Section        0  iusefp.o(.text)
    .text                                    0x080043c6   Section        0  depilogue.o(.text)
    .text                                    0x08004480   Section        0  dscalb.o(.text)
    .text                                    0x080044b0   Section       48  cdrcmple.o(.text)
    .text                                    0x080044e0   Section       36  init.o(.text)
    .text                                    0x08004504   Section        0  dsqrt.o(.text)
    .text                                    0x080045a6   Section        0  dfixi.o(.text)
    i.__0printf$8                            0x080045e4   Section        0  printf8.o(i.__0printf$8)
    i.__0sprintf$8                           0x08004604   Section        0  printf8.o(i.__0sprintf$8)
    i.__ARM_fpclassify                       0x0800462c   Section        0  fpclassify.o(i.__ARM_fpclassify)
    i.__ieee754_rem_pio2                     0x08004654   Section        0  rred.o(i.__ieee754_rem_pio2)
    i.__kernel_cos                           0x080049dc   Section        0  cos_i.o(i.__kernel_cos)
    i.__kernel_poly                          0x08004ad8   Section        0  poly.o(i.__kernel_poly)
    i.__kernel_sin                           0x08004b84   Section        0  sin_i.o(i.__kernel_sin)
    i.__mathlib_dbl_divzero                  0x08004c70   Section        0  dunder.o(i.__mathlib_dbl_divzero)
    i.__mathlib_dbl_infnan                   0x08004c80   Section        0  dunder.o(i.__mathlib_dbl_infnan)
    i.__mathlib_dbl_infnan2                  0x08004c86   Section        0  dunder.o(i.__mathlib_dbl_infnan2)
    i.__mathlib_dbl_invalid                  0x08004c8a   Section        0  dunder.o(i.__mathlib_dbl_invalid)
    i.__mathlib_dbl_overflow                 0x08004c96   Section        0  dunder.o(i.__mathlib_dbl_overflow)
    i.__mathlib_dbl_underflow                0x08004ca4   Section        0  dunder.o(i.__mathlib_dbl_underflow)
    i.__scatterload_copy                     0x08004cb4   Section       14  handlers.o(i.__scatterload_copy)
    i.__scatterload_null                     0x08004cc2   Section        2  handlers.o(i.__scatterload_null)
    i.__scatterload_zeroinit                 0x08004cc4   Section       14  handlers.o(i.__scatterload_zeroinit)
    i.__set_errno                            0x08004cd4   Section        0  errno.o(i.__set_errno)
    i._printf_core                           0x08004ce0   Section        0  printf8.o(i._printf_core)
    _printf_core                             0x08004ce1   Thumb Code   996  printf8.o(i._printf_core)
    i._printf_post_padding                   0x080050f0   Section        0  printf8.o(i._printf_post_padding)
    _printf_post_padding                     0x080050f1   Thumb Code    36  printf8.o(i._printf_post_padding)
    i._printf_pre_padding                    0x08005114   Section        0  printf8.o(i._printf_pre_padding)
    _printf_pre_padding                      0x08005115   Thumb Code    46  printf8.o(i._printf_pre_padding)
    i._sputc                                 0x08005142   Section        0  printf8.o(i._sputc)
    _sputc                                   0x08005143   Thumb Code    10  printf8.o(i._sputc)
    i.cos                                    0x0800514c   Section        0  cos.o(i.cos)
    i.pow                                    0x080051e8   Section        0  pow.o(i.pow)
    i.sin                                    0x08005ba0   Section        0  sin.o(i.sin)
    i.sqrt                                   0x08005c40   Section        0  sqrt.o(i.sqrt)
    .constdata                               0x08005c8c   Section       24  rtc.o(.constdata)
    .constdata                               0x08005ca4   Section     7142  font.o(.constdata)
    .constdata                               0x0800788c   Section       36  gui.o(.constdata)
    .constdata                               0x080078b0   Section      136  pow.o(.constdata)
    bp                                       0x080078b0   Data          16  pow.o(.constdata)
    dp_h                                     0x080078c0   Data          16  pow.o(.constdata)
    dp_l                                     0x080078d0   Data          16  pow.o(.constdata)
    L                                        0x080078e0   Data          48  pow.o(.constdata)
    P                                        0x08007910   Data          40  pow.o(.constdata)
    .constdata                               0x08007938   Section       48  cos_i.o(.constdata)
    C                                        0x08007938   Data          48  cos_i.o(.constdata)
    .constdata                               0x08007968   Section        8  qnan.o(.constdata)
    .constdata                               0x08007970   Section      200  rred.o(.constdata)
    pio2s                                    0x08007970   Data          48  rred.o(.constdata)
    twooverpi                                0x080079a0   Data         152  rred.o(.constdata)
    .constdata                               0x08007a38   Section       40  sin_i.o(.constdata)
    S                                        0x08007a38   Data          40  sin_i.o(.constdata)
    .data                                    0x20000000   Section       20  stm32f10x_rcc.o(.data)
    APBAHBPrescTable                         0x20000000   Data          16  stm32f10x_rcc.o(.data)
    ADCPrescTable                            0x20000010   Data           4  stm32f10x_rcc.o(.data)
    .data                                    0x20000014   Section       20  system_stm32f10x.o(.data)
    .data                                    0x20000028   Section       12  lcd.o(.data)
    .data                                    0x20000034   Section        2  rtc.o(.data)
    daycnt                                   0x20000034   Data           2  rtc.o(.data)
    .data                                    0x20000036   Section        1  gui.o(.data)
    .data                                    0x20000038   Section        4  stdout.o(.data)
    .data                                    0x2000003c   Section        4  errno.o(.data)
    _errno                                   0x2000003c   Data           4  errno.o(.data)
    .bss                                     0x20000040   Section       10  rtc.o(.bss)
    STACK                                    0x20000050   Section     1024  startup_stm32f10x_hd.o(STACK)

    Global Symbols

    Symbol Name                              Value     Ov Type        Size  Object(Section)

    BuildAttributes$$THM_ISAv4$P$D$K$B$S$PE$A:L22UL41UL21$X:L11$S22US41US21$IEEE1$IW$USESV6$~STKCKD$USESV7$~SHL$OTIME$ROPI$IEEEX$EBA8$MICROLIB$REQ8$PRES8$EABIv2 0x00000000   Number         0  anon$$obj.o ABSOLUTE
    __ARM_use_no_argv                        0x00000000   Number         0  main.o ABSOLUTE
    _printf_a                                0x00000000   Number         0  stubs.o ABSOLUTE
    _printf_c                                0x00000000   Number         0  stubs.o ABSOLUTE
    _printf_charcount                        0x00000000   Number         0  stubs.o ABSOLUTE
    _printf_d                                0x00000000   Number         0  stubs.o ABSOLUTE
    _printf_e                                0x00000000   Number         0  stubs.o ABSOLUTE
    _printf_f                                0x00000000   Number         0  stubs.o ABSOLUTE
    _printf_flags                            0x00000000   Number         0  stubs.o ABSOLUTE
    _printf_fp_dec                           0x00000000   Number         0  stubs.o ABSOLUTE
    _printf_fp_hex                           0x00000000   Number         0  stubs.o ABSOLUTE
    _printf_g                                0x00000000   Number         0  stubs.o ABSOLUTE
    _printf_i                                0x00000000   Number         0  stubs.o ABSOLUTE
    _printf_int_dec                          0x00000000   Number         0  stubs.o ABSOLUTE
    _printf_l                                0x00000000   Number         0  stubs.o ABSOLUTE
    _printf_lc                               0x00000000   Number         0  stubs.o ABSOLUTE
    _printf_ll                               0x00000000   Number         0  stubs.o ABSOLUTE
    _printf_lld                              0x00000000   Number         0  stubs.o ABSOLUTE
    _printf_lli                              0x00000000   Number         0  stubs.o ABSOLUTE
    _printf_llo                              0x00000000   Number         0  stubs.o ABSOLUTE
    _printf_llu                              0x00000000   Number         0  stubs.o ABSOLUTE
    _printf_llx                              0x00000000   Number         0  stubs.o ABSOLUTE
    _printf_longlong_dec                     0x00000000   Number         0  stubs.o ABSOLUTE
    _printf_longlong_hex                     0x00000000   Number         0  stubs.o ABSOLUTE
    _printf_longlong_oct                     0x00000000   Number         0  stubs.o ABSOLUTE
    _printf_ls                               0x00000000   Number         0  stubs.o ABSOLUTE
    _printf_mbtowc                           0x00000000   Number         0  stubs.o ABSOLUTE
    _printf_n                                0x00000000   Number         0  stubs.o ABSOLUTE
    _printf_o                                0x00000000   Number         0  stubs.o ABSOLUTE
    _printf_p                                0x00000000   Number         0  stubs.o ABSOLUTE
    _printf_percent                          0x00000000   Number         0  stubs.o ABSOLUTE
    _printf_pre_padding                      0x00000000   Number         0  stubs.o ABSOLUTE
    _printf_return_value                     0x00000000   Number         0  stubs.o ABSOLUTE
    _printf_s                                0x00000000   Number         0  stubs.o ABSOLUTE
    _printf_sizespec                         0x00000000   Number         0  stubs.o ABSOLUTE
    _printf_str                              0x00000000   Number         0  stubs.o ABSOLUTE
    _printf_truncate_signed                  0x00000000   Number         0  stubs.o ABSOLUTE
    _printf_truncate_unsigned                0x00000000   Number         0  stubs.o ABSOLUTE
    _printf_u                                0x00000000   Number         0  stubs.o ABSOLUTE
    _printf_wc                               0x00000000   Number         0  stubs.o ABSOLUTE
    _printf_wctomb                           0x00000000   Number         0  stubs.o ABSOLUTE
    _printf_widthprec                        0x00000000   Number         0  stubs.o ABSOLUTE
    _printf_x                                0x00000000   Number         0  stubs.o ABSOLUTE
    __cpp_initialize__aeabi_                  - Undefined Weak Reference
    __cxa_finalize                            - Undefined Weak Reference
    __decompress                              - Undefined Weak Reference
    _clock_init                               - Undefined Weak Reference
    _microlib_exit                            - Undefined Weak Reference
    __Vectors_Size                           0x00000130   Number         0  startup_stm32f10x_hd.o ABSOLUTE
    __Vectors                                0x08000000   Data           4  startup_stm32f10x_hd.o(RESET)
    __Vectors_End                            0x08000130   Data           0  startup_stm32f10x_hd.o(RESET)
    __main                                   0x08000131   Thumb Code     0  entry.o(.ARM.Collect$$$$00000000)
    _main_stk                                0x08000131   Thumb Code     0  entry2.o(.ARM.Collect$$$$00000001)
    _main_scatterload                        0x08000135   Thumb Code     0  entry5.o(.ARM.Collect$$$$00000004)
    __main_after_scatterload                 0x08000139   Thumb Code     0  entry5.o(.ARM.Collect$$$$00000004)
    _main_clock                              0x08000139   Thumb Code     0  entry7b.o(.ARM.Collect$$$$00000008)
    _main_cpp_init                           0x08000139   Thumb Code     0  entry8b.o(.ARM.Collect$$$$0000000A)
    _main_init                               0x08000139   Thumb Code     0  entry9a.o(.ARM.Collect$$$$0000000B)
    __rt_final_cpp                           0x08000141   Thumb Code     0  entry10a.o(.ARM.Collect$$$$0000000D)
    __rt_final_exit                          0x08000141   Thumb Code     0  entry11a.o(.ARM.Collect$$$$0000000F)
    RCC_DeInit                               0x08000145   Thumb Code    64  stm32f10x_rcc.o(.text)
    RCC_HSEConfig                            0x08000185   Thumb Code    70  stm32f10x_rcc.o(.text)
    RCC_GetFlagStatus                        0x080001cb   Thumb Code    56  stm32f10x_rcc.o(.text)
    RCC_WaitForHSEStartUp                    0x08000203   Thumb Code    56  stm32f10x_rcc.o(.text)
    RCC_AdjustHSICalibrationValue            0x0800023b   Thumb Code    20  stm32f10x_rcc.o(.text)
    RCC_HSICmd                               0x0800024f   Thumb Code     6  stm32f10x_rcc.o(.text)
    RCC_PLLConfig                            0x08000255   Thumb Code    24  stm32f10x_rcc.o(.text)
    RCC_PLLCmd                               0x0800026d   Thumb Code     6  stm32f10x_rcc.o(.text)
    RCC_SYSCLKConfig                         0x08000273   Thumb Code    18  stm32f10x_rcc.o(.text)
    RCC_GetSYSCLKSource                      0x08000285   Thumb Code    10  stm32f10x_rcc.o(.text)
    RCC_HCLKConfig                           0x0800028f   Thumb Code    18  stm32f10x_rcc.o(.text)
    RCC_PCLK1Config                          0x080002a1   Thumb Code    18  stm32f10x_rcc.o(.text)
    RCC_PCLK2Config                          0x080002b3   Thumb Code    20  stm32f10x_rcc.o(.text)
    RCC_ITConfig                             0x080002c7   Thumb Code    26  stm32f10x_rcc.o(.text)
    RCC_USBCLKConfig                         0x080002e1   Thumb Code     8  stm32f10x_rcc.o(.text)
    RCC_ADCCLKConfig                         0x080002e9   Thumb Code    18  stm32f10x_rcc.o(.text)
    RCC_LSEConfig                            0x080002fb   Thumb Code    50  stm32f10x_rcc.o(.text)
    RCC_LSICmd                               0x0800032d   Thumb Code     6  stm32f10x_rcc.o(.text)
    RCC_RTCCLKConfig                         0x08000333   Thumb Code    12  stm32f10x_rcc.o(.text)
    RCC_RTCCLKCmd                            0x0800033f   Thumb Code     8  stm32f10x_rcc.o(.text)
    RCC_GetClocksFreq                        0x08000347   Thumb Code   192  stm32f10x_rcc.o(.text)
    RCC_AHBPeriphClockCmd                    0x08000407   Thumb Code    26  stm32f10x_rcc.o(.text)
    RCC_APB2PeriphClockCmd                   0x08000421   Thumb Code    26  stm32f10x_rcc.o(.text)
    RCC_APB1PeriphClockCmd                   0x0800043b   Thumb Code    26  stm32f10x_rcc.o(.text)
    RCC_APB2PeriphResetCmd                   0x08000455   Thumb Code    26  stm32f10x_rcc.o(.text)
    RCC_APB1PeriphResetCmd                   0x0800046f   Thumb Code    26  stm32f10x_rcc.o(.text)
    RCC_BackupResetCmd                       0x08000489   Thumb Code     8  stm32f10x_rcc.o(.text)
    RCC_ClockSecuritySystemCmd               0x08000491   Thumb Code     6  stm32f10x_rcc.o(.text)
    RCC_MCOConfig                            0x08000497   Thumb Code     6  stm32f10x_rcc.o(.text)
    RCC_ClearFlag                            0x0800049d   Thumb Code    14  stm32f10x_rcc.o(.text)
    RCC_GetITStatus                          0x080004ab   Thumb Code    20  stm32f10x_rcc.o(.text)
    RCC_ClearITPendingBit                    0x080004bf   Thumb Code     6  stm32f10x_rcc.o(.text)
    SystemInit                               0x080005c7   Thumb Code    78  system_stm32f10x.o(.text)
    SystemCoreClockUpdate                    0x08000615   Thumb Code   142  system_stm32f10x.o(.text)
    Reset_Handler                            0x080006c9   Thumb Code     8  startup_stm32f10x_hd.o(.text)
    ADC1_2_IRQHandler                        0x080006e3   Thumb Code     0  startup_stm32f10x_hd.o(.text)
    ADC3_IRQHandler                          0x080006e3   Thumb Code     0  startup_stm32f10x_hd.o(.text)
    CAN1_RX1_IRQHandler                      0x080006e3   Thumb Code     0  startup_stm32f10x_hd.o(.text)
    CAN1_SCE_IRQHandler                      0x080006e3   Thumb Code     0  startup_stm32f10x_hd.o(.text)
    DMA1_Channel1_IRQHandler                 0x080006e3   Thumb Code     0  startup_stm32f10x_hd.o(.text)
    DMA1_Channel2_IRQHandler                 0x080006e3   Thumb Code     0  startup_stm32f10x_hd.o(.text)
    DMA1_Channel3_IRQHandler                 0x080006e3   Thumb Code     0  startup_stm32f10x_hd.o(.text)
    DMA1_Channel4_IRQHandler                 0x080006e3   Thumb Code     0  startup_stm32f10x_hd.o(.text)
    DMA1_Channel5_IRQHandler                 0x080006e3   Thumb Code     0  startup_stm32f10x_hd.o(.text)
    DMA1_Channel6_IRQHandler                 0x080006e3   Thumb Code     0  startup_stm32f10x_hd.o(.text)
    DMA1_Channel7_IRQHandler                 0x080006e3   Thumb Code     0  startup_stm32f10x_hd.o(.text)
    DMA2_Channel1_IRQHandler                 0x080006e3   Thumb Code     0  startup_stm32f10x_hd.o(.text)
    DMA2_Channel2_IRQHandler                 0x080006e3   Thumb Code     0  startup_stm32f10x_hd.o(.text)
    DMA2_Channel3_IRQHandler                 0x080006e3   Thumb Code     0  startup_stm32f10x_hd.o(.text)
    DMA2_Channel4_5_IRQHandler               0x080006e3   Thumb Code     0  startup_stm32f10x_hd.o(.text)
    EXTI15_10_IRQHandler                     0x080006e3   Thumb Code     0  startup_stm32f10x_hd.o(.text)
    EXTI1_IRQHandler                         0x080006e3   Thumb Code     0  startup_stm32f10x_hd.o(.text)
    EXTI2_IRQHandler                         0x080006e3   Thumb Code     0  startup_stm32f10x_hd.o(.text)
    EXTI3_IRQHandler                         0x080006e3   Thumb Code     0  startup_stm32f10x_hd.o(.text)
    EXTI4_IRQHandler                         0x080006e3   Thumb Code     0  startup_stm32f10x_hd.o(.text)
    EXTI9_5_IRQHandler                       0x080006e3   Thumb Code     0  startup_stm32f10x_hd.o(.text)
    FLASH_IRQHandler                         0x080006e3   Thumb Code     0  startup_stm32f10x_hd.o(.text)
    FSMC_IRQHandler                          0x080006e3   Thumb Code     0  startup_stm32f10x_hd.o(.text)
    I2C1_ER_IRQHandler                       0x080006e3   Thumb Code     0  startup_stm32f10x_hd.o(.text)
    I2C1_EV_IRQHandler                       0x080006e3   Thumb Code     0  startup_stm32f10x_hd.o(.text)
    I2C2_ER_IRQHandler                       0x080006e3   Thumb Code     0  startup_stm32f10x_hd.o(.text)
    I2C2_EV_IRQHandler                       0x080006e3   Thumb Code     0  startup_stm32f10x_hd.o(.text)
    PVD_IRQHandler                           0x080006e3   Thumb Code     0  startup_stm32f10x_hd.o(.text)
    RCC_IRQHandler                           0x080006e3   Thumb Code     0  startup_stm32f10x_hd.o(.text)
    RTCAlarm_IRQHandler                      0x080006e3   Thumb Code     0  startup_stm32f10x_hd.o(.text)
    SDIO_IRQHandler                          0x080006e3   Thumb Code     0  startup_stm32f10x_hd.o(.text)
    SPI1_IRQHandler                          0x080006e3   Thumb Code     0  startup_stm32f10x_hd.o(.text)
    SPI2_IRQHandler                          0x080006e3   Thumb Code     0  startup_stm32f10x_hd.o(.text)
    SPI3_IRQHandler                          0x080006e3   Thumb Code     0  startup_stm32f10x_hd.o(.text)
    TAMPER_IRQHandler                        0x080006e3   Thumb Code     0  startup_stm32f10x_hd.o(.text)
    TIM1_BRK_IRQHandler                      0x080006e3   Thumb Code     0  startup_stm32f10x_hd.o(.text)
    TIM1_CC_IRQHandler                       0x080006e3   Thumb Code     0  startup_stm32f10x_hd.o(.text)
    TIM1_TRG_COM_IRQHandler                  0x080006e3   Thumb Code     0  startup_stm32f10x_hd.o(.text)
    TIM1_UP_IRQHandler                       0x080006e3   Thumb Code     0  startup_stm32f10x_hd.o(.text)
    TIM2_IRQHandler                          0x080006e3   Thumb Code     0  startup_stm32f10x_hd.o(.text)
    TIM3_IRQHandler                          0x080006e3   Thumb Code     0  startup_stm32f10x_hd.o(.text)
    TIM4_IRQHandler                          0x080006e3   Thumb Code     0  startup_stm32f10x_hd.o(.text)
    TIM5_IRQHandler                          0x080006e3   Thumb Code     0  startup_stm32f10x_hd.o(.text)
    TIM6_IRQHandler                          0x080006e3   Thumb Code     0  startup_stm32f10x_hd.o(.text)
    TIM7_IRQHandler                          0x080006e3   Thumb Code     0  startup_stm32f10x_hd.o(.text)
    TIM8_BRK_IRQHandler                      0x080006e3   Thumb Code     0  startup_stm32f10x_hd.o(.text)
    TIM8_CC_IRQHandler                       0x080006e3   Thumb Code     0  startup_stm32f10x_hd.o(.text)
    TIM8_TRG_COM_IRQHandler                  0x080006e3   Thumb Code     0  startup_stm32f10x_hd.o(.text)
    TIM8_UP_IRQHandler                       0x080006e3   Thumb Code     0  startup_stm32f10x_hd.o(.text)
    UART4_IRQHandler                         0x080006e3   Thumb Code     0  startup_stm32f10x_hd.o(.text)
    UART5_IRQHandler                         0x080006e3   Thumb Code     0  startup_stm32f10x_hd.o(.text)
    USART1_IRQHandler                        0x080006e3   Thumb Code     0  startup_stm32f10x_hd.o(.text)
    USART2_IRQHandler                        0x080006e3   Thumb Code     0  startup_stm32f10x_hd.o(.text)
    USBWakeUp_IRQHandler                     0x080006e3   Thumb Code     0  startup_stm32f10x_hd.o(.text)
    USB_HP_CAN1_TX_IRQHandler                0x080006e3   Thumb Code     0  startup_stm32f10x_hd.o(.text)
    USB_LP_CAN1_RX0_IRQHandler               0x080006e3   Thumb Code     0  startup_stm32f10x_hd.o(.text)
    WWDG_IRQHandler                          0x080006e3   Thumb Code     0  startup_stm32f10x_hd.o(.text)
    GPIO_DeInit                              0x080006ed   Thumb Code   172  stm32f10x_gpio.o(.text)
    GPIO_AFIODeInit                          0x08000799   Thumb Code    20  stm32f10x_gpio.o(.text)
    GPIO_Init                                0x080007ad   Thumb Code   278  stm32f10x_gpio.o(.text)
    GPIO_StructInit                          0x080008c3   Thumb Code    16  stm32f10x_gpio.o(.text)
    GPIO_ReadInputDataBit                    0x080008d3   Thumb Code    18  stm32f10x_gpio.o(.text)
    GPIO_ReadInputData                       0x080008e5   Thumb Code     8  stm32f10x_gpio.o(.text)
    GPIO_ReadOutputDataBit                   0x080008ed   Thumb Code    18  stm32f10x_gpio.o(.text)
    GPIO_ReadOutputData                      0x080008ff   Thumb Code     8  stm32f10x_gpio.o(.text)
    GPIO_SetBits                             0x08000907   Thumb Code     4  stm32f10x_gpio.o(.text)
    GPIO_ResetBits                           0x0800090b   Thumb Code     4  stm32f10x_gpio.o(.text)
    GPIO_WriteBit                            0x0800090f   Thumb Code    10  stm32f10x_gpio.o(.text)
    GPIO_Write                               0x08000919   Thumb Code     4  stm32f10x_gpio.o(.text)
    GPIO_PinLockConfig                       0x0800091d   Thumb Code    18  stm32f10x_gpio.o(.text)
    GPIO_EventOutputConfig                   0x0800092f   Thumb Code    26  stm32f10x_gpio.o(.text)
    GPIO_EventOutputCmd                      0x08000949   Thumb Code     6  stm32f10x_gpio.o(.text)
    GPIO_PinRemapConfig                      0x0800094f   Thumb Code   138  stm32f10x_gpio.o(.text)
    GPIO_EXTILineConfig                      0x080009d9   Thumb Code    66  stm32f10x_gpio.o(.text)
    GPIO_ETH_MediaInterfaceConfig            0x08000a1b   Thumb Code     8  stm32f10x_gpio.o(.text)
    NMI_Handler                              0x08000a49   Thumb Code     2  stm32f10x_it.o(.text)
    HardFault_Handler                        0x08000a4b   Thumb Code     4  stm32f10x_it.o(.text)
    MemManage_Handler                        0x08000a4f   Thumb Code     4  stm32f10x_it.o(.text)
    BusFault_Handler                         0x08000a53   Thumb Code     4  stm32f10x_it.o(.text)
    UsageFault_Handler                       0x08000a57   Thumb Code     4  stm32f10x_it.o(.text)
    SVC_Handler                              0x08000a5b   Thumb Code     2  stm32f10x_it.o(.text)
    DebugMon_Handler                         0x08000a5d   Thumb Code     2  stm32f10x_it.o(.text)
    PendSV_Handler                           0x08000a5f   Thumb Code     2  stm32f10x_it.o(.text)
    SysTick_Handler                          0x08000a61   Thumb Code     2  stm32f10x_it.o(.text)
    NVIC_PriorityGroupConfig                 0x08000a65   Thumb Code    10  misc.o(.text)
    NVIC_Init                                0x08000a6f   Thumb Code   100  misc.o(.text)
    NVIC_SetVectorTable                      0x08000ad3   Thumb Code    14  misc.o(.text)
    NVIC_SystemLPConfig                      0x08000ae1   Thumb Code    34  misc.o(.text)
    SysTick_CLKSourceConfig                  0x08000b03   Thumb Code    40  misc.o(.text)
    BKP_DeInit                               0x08000b41   Thumb Code    16  stm32f10x_bkp.o(.text)
    BKP_TamperPinLevelConfig                 0x08000b51   Thumb Code     6  stm32f10x_bkp.o(.text)
    BKP_TamperPinCmd                         0x08000b57   Thumb Code     8  stm32f10x_bkp.o(.text)
    BKP_ITConfig                             0x08000b5f   Thumb Code     8  stm32f10x_bkp.o(.text)
    BKP_RTCOutputConfig                      0x08000b67   Thumb Code    22  stm32f10x_bkp.o(.text)
    BKP_SetRTCCalibrationValue               0x08000b7d   Thumb Code    22  stm32f10x_bkp.o(.text)
    BKP_WriteBackupRegister                  0x08000b93   Thumb Code    24  stm32f10x_bkp.o(.text)
    BKP_ReadBackupRegister                   0x08000bab   Thumb Code    26  stm32f10x_bkp.o(.text)
    BKP_GetFlagStatus                        0x08000bc5   Thumb Code    10  stm32f10x_bkp.o(.text)
    BKP_ClearFlag                            0x08000bcf   Thumb Code    18  stm32f10x_bkp.o(.text)
    BKP_GetITStatus                          0x08000be1   Thumb Code    10  stm32f10x_bkp.o(.text)
    BKP_ClearITPendingBit                    0x08000beb   Thumb Code    18  stm32f10x_bkp.o(.text)
    EXTI_DeInit                              0x08000c05   Thumb Code    28  stm32f10x_exti.o(.text)
    EXTI_Init                                0x08000c21   Thumb Code   142  stm32f10x_exti.o(.text)
    EXTI_StructInit                          0x08000caf   Thumb Code    16  stm32f10x_exti.o(.text)
    EXTI_GenerateSWInterrupt                 0x08000cbf   Thumb Code    16  stm32f10x_exti.o(.text)
    EXTI_GetFlagStatus                       0x08000ccf   Thumb Code    22  stm32f10x_exti.o(.text)
    EXTI_ClearFlag                           0x08000ce5   Thumb Code     8  stm32f10x_exti.o(.text)
    EXTI_GetITStatus                         0x08000ced   Thumb Code    34  stm32f10x_exti.o(.text)
    EXTI_ClearITPendingBit                   0x08000d0f   Thumb Code     8  stm32f10x_exti.o(.text)
    FSMC_NORSRAMDeInit                       0x08000d21   Thumb Code    54  stm32f10x_fsmc.o(.text)
    FSMC_NANDDeInit                          0x08000d57   Thumb Code    62  stm32f10x_fsmc.o(.text)
    FSMC_PCCARDDeInit                        0x08000d95   Thumb Code    36  stm32f10x_fsmc.o(.text)
    FSMC_NORSRAMInit                         0x08000db9   Thumb Code   230  stm32f10x_fsmc.o(.text)
    FSMC_NANDInit                            0x08000e9f   Thumb Code   132  stm32f10x_fsmc.o(.text)
    FSMC_PCCARDInit                          0x08000f23   Thumb Code   130  stm32f10x_fsmc.o(.text)
    FSMC_NORSRAMStructInit                   0x08000fa5   Thumb Code   114  stm32f10x_fsmc.o(.text)
    FSMC_NANDStructInit                      0x08001017   Thumb Code    54  stm32f10x_fsmc.o(.text)
    FSMC_PCCARDStructInit                    0x0800104d   Thumb Code    60  stm32f10x_fsmc.o(.text)
    FSMC_NORSRAMCmd                          0x08001089   Thumb Code    46  stm32f10x_fsmc.o(.text)
    FSMC_NANDCmd                             0x080010b7   Thumb Code    86  stm32f10x_fsmc.o(.text)
    FSMC_PCCARDCmd                           0x0800110d   Thumb Code    44  stm32f10x_fsmc.o(.text)
    FSMC_NANDECCCmd                          0x08001139   Thumb Code    90  stm32f10x_fsmc.o(.text)
    FSMC_GetECC                              0x08001193   Thumb Code    24  stm32f10x_fsmc.o(.text)
    FSMC_ITConfig                            0x080011ab   Thumb Code   128  stm32f10x_fsmc.o(.text)
    FSMC_GetFlagStatus                       0x0800122b   Thumb Code    54  stm32f10x_fsmc.o(.text)
    FSMC_ClearFlag                           0x08001261   Thumb Code    62  stm32f10x_fsmc.o(.text)
    FSMC_GetITStatus                         0x0800129f   Thumb Code    64  stm32f10x_fsmc.o(.text)
    FSMC_ClearITPendingBit                   0x080012df   Thumb Code    68  stm32f10x_fsmc.o(.text)
    PWR_DeInit                               0x0800132d   Thumb Code    22  stm32f10x_pwr.o(.text)
    PWR_BackupAccessCmd                      0x08001343   Thumb Code     6  stm32f10x_pwr.o(.text)
    PWR_PVDCmd                               0x08001349   Thumb Code     6  stm32f10x_pwr.o(.text)
    PWR_PVDLevelConfig                       0x0800134f   Thumb Code    18  stm32f10x_pwr.o(.text)
    PWR_WakeUpPinCmd                         0x08001361   Thumb Code     8  stm32f10x_pwr.o(.text)
    PWR_EnterSTOPMode                        0x08001369   Thumb Code    54  stm32f10x_pwr.o(.text)
    PWR_EnterSTANDBYMode                     0x0800139f   Thumb Code    42  stm32f10x_pwr.o(.text)
    PWR_GetFlagStatus                        0x080013c9   Thumb Code    20  stm32f10x_pwr.o(.text)
    PWR_ClearFlag                            0x080013dd   Thumb Code    14  stm32f10x_pwr.o(.text)
    RTC_ITConfig                             0x080013f9   Thumb Code    26  stm32f10x_rtc.o(.text)
    RTC_EnterConfigMode                      0x08001413   Thumb Code    18  stm32f10x_rtc.o(.text)
    RTC_ExitConfigMode                       0x08001425   Thumb Code    20  stm32f10x_rtc.o(.text)
    RTC_GetCounter                           0x08001439   Thumb Code    18  stm32f10x_rtc.o(.text)
    RTC_SetCounter                           0x0800144b   Thumb Code    26  stm32f10x_rtc.o(.text)
    RTC_SetPrescaler                         0x08001465   Thumb Code    28  stm32f10x_rtc.o(.text)
    RTC_SetAlarm                             0x08001481   Thumb Code    26  stm32f10x_rtc.o(.text)
    RTC_GetDivider                           0x0800149b   Thumb Code    22  stm32f10x_rtc.o(.text)
    RTC_WaitForLastTask                      0x080014b1   Thumb Code    18  stm32f10x_rtc.o(.text)
    RTC_WaitForSynchro                       0x080014c3   Thumb Code    36  stm32f10x_rtc.o(.text)
    RTC_GetFlagStatus                        0x080014e7   Thumb Code    22  stm32f10x_rtc.o(.text)
    RTC_ClearFlag                            0x080014fd   Thumb Code    16  stm32f10x_rtc.o(.text)
    RTC_GetITStatus                          0x0800150d   Thumb Code    32  stm32f10x_rtc.o(.text)
    RTC_ClearITPendingBit                    0x0800152d   Thumb Code    16  stm32f10x_rtc.o(.text)
    USART_DeInit                             0x08001541   Thumb Code   134  stm32f10x_usart.o(.text)
    USART_Init                               0x080015c7   Thumb Code   210  stm32f10x_usart.o(.text)
    USART_StructInit                         0x08001699   Thumb Code    24  stm32f10x_usart.o(.text)
    USART_ClockInit                          0x080016b1   Thumb Code    34  stm32f10x_usart.o(.text)
    USART_ClockStructInit                    0x080016d3   Thumb Code    12  stm32f10x_usart.o(.text)
    USART_Cmd                                0x080016df   Thumb Code    24  stm32f10x_usart.o(.text)
    USART_ITConfig                           0x080016f7   Thumb Code    74  stm32f10x_usart.o(.text)
    USART_DMACmd                             0x08001741   Thumb Code    18  stm32f10x_usart.o(.text)
    USART_SetAddress                         0x08001753   Thumb Code    18  stm32f10x_usart.o(.text)
    USART_WakeUpConfig                       0x08001765   Thumb Code    18  stm32f10x_usart.o(.text)
    USART_ReceiverWakeUpCmd                  0x08001777   Thumb Code    24  stm32f10x_usart.o(.text)
    USART_LINBreakDetectLengthConfig         0x0800178f   Thumb Code    18  stm32f10x_usart.o(.text)
    USART_LINCmd                             0x080017a1   Thumb Code    24  stm32f10x_usart.o(.text)
    USART_SendData                           0x080017b9   Thumb Code     8  stm32f10x_usart.o(.text)
    USART_ReceiveData                        0x080017c1   Thumb Code    10  stm32f10x_usart.o(.text)
    USART_SendBreak                          0x080017cb   Thumb Code    10  stm32f10x_usart.o(.text)
    USART_SetGuardTime                       0x080017d5   Thumb Code    16  stm32f10x_usart.o(.text)
    USART_SetPrescaler                       0x080017e5   Thumb Code    16  stm32f10x_usart.o(.text)
    USART_SmartCardCmd                       0x080017f5   Thumb Code    24  stm32f10x_usart.o(.text)
    USART_SmartCardNACKCmd                   0x0800180d   Thumb Code    24  stm32f10x_usart.o(.text)
    USART_HalfDuplexCmd                      0x08001825   Thumb Code    24  stm32f10x_usart.o(.text)
    USART_OverSampling8Cmd                   0x0800183d   Thumb Code    22  stm32f10x_usart.o(.text)
    USART_OneBitMethodCmd                    0x08001853   Thumb Code    24  stm32f10x_usart.o(.text)
    USART_IrDAConfig                         0x0800186b   Thumb Code    18  stm32f10x_usart.o(.text)
    USART_IrDACmd                            0x0800187d   Thumb Code    24  stm32f10x_usart.o(.text)
    USART_GetFlagStatus                      0x08001895   Thumb Code    26  stm32f10x_usart.o(.text)
    USART_ClearFlag                          0x080018af   Thumb Code    18  stm32f10x_usart.o(.text)
    USART_GetITStatus                        0x080018c1   Thumb Code    84  stm32f10x_usart.o(.text)
    USART_ClearITPendingBit                  0x08001915   Thumb Code    52  stm32f10x_usart.o(.text)
    Delay_us                                 0x08001949   Thumb Code    54  systick.o(.text)
    Delay_ms                                 0x0800197f   Thumb Code    56  systick.o(.text)
    main                                     0x080019b9   Thumb Code   238  main.o(.text)
    Key_Exti_Init                            0x08001add   Thumb Code   154  key_exti.o(.text)
    EXTI0_IRQHandler                         0x08001b77   Thumb Code    46  key_exti.o(.text)
    TFTLCD_GPIO_Init                         0x08001bad   Thumb Code    98  lcd.o(.text)
    TFTLCD_FSMC_Init                         0x08001c0f   Thumb Code   124  lcd.o(.text)
    LCD_WriteCmd                             0x08001c8b   Thumb Code     6  lcd.o(.text)
    LCD_WriteData                            0x08001c91   Thumb Code     8  lcd.o(.text)
    LCD_WriteCmdData                         0x08001c99   Thumb Code    20  lcd.o(.text)
    LCD_WriteData_Color                      0x08001cad   Thumb Code     8  lcd.o(.text)
    LCD_ReadData                             0x08001cb5   Thumb Code     8  lcd.o(.text)
    LCD_Display_Dir                          0x08001cbd   Thumb Code    96  lcd.o(.text)
    LCD_Set_Window                           0x08001d1d   Thumb Code   192  lcd.o(.text)
    LCD_Clear                                0x08001ddd   Thumb Code    68  lcd.o(.text)
    TFTLCD_Init                              0x08001e21   Thumb Code   710  lcd.o(.text)
    LCD_Fill                                 0x080020e7   Thumb Code    96  lcd.o(.text)
    LCD_DrawPoint                            0x08002147   Thumb Code    28  lcd.o(.text)
    LCD_DrawPoint_Color                      0x08002163   Thumb Code    28  lcd.o(.text)
    LCD_ReadPoint                            0x0800217f   Thumb Code    70  lcd.o(.text)
    LCD_DrawLine                             0x080021c5   Thumb Code   176  lcd.o(.text)
    LCD_DrawLine_Color                       0x08002275   Thumb Code   172  lcd.o(.text)
    LCD_DrowSign                             0x08002321   Thumb Code   132  lcd.o(.text)
    LCD_DrawRectangle                        0x080023a5   Thumb Code    60  lcd.o(.text)
    LCD_Draw_Circle                          0x080023e1   Thumb Code   152  lcd.o(.text)
    LCD_Draw_Circle_Color                    0x08002479   Thumb Code   170  lcd.o(.text)
    LCD_ShowChar                             0x08002523   Thumb Code   282  lcd.o(.text)
    LCD_ShowChar_Color                       0x0800263d   Thumb Code   268  lcd.o(.text)
    LCD_Pow                                  0x08002749   Thumb Code    22  lcd.o(.text)
    LCD_ShowNum                              0x0800275f   Thumb Code   148  lcd.o(.text)
    LCD_ShowNum_Color                        0x080027f3   Thumb Code   140  lcd.o(.text)
    LCD_ShowxNum                             0x0800287f   Thumb Code   190  lcd.o(.text)
    LCD_ShowString                           0x0800293d   Thumb Code   132  lcd.o(.text)
    LCD_ShowString_Color                     0x080029c1   Thumb Code   106  lcd.o(.text)
    LCD_ShowFontHZ                           0x08002a2b   Thumb Code   220  lcd.o(.text)
    LCD_ShowPicture                          0x08002b07   Thumb Code    92  lcd.o(.text)
    RTC_Get_Week                             0x08002b91   Thumb Code   116  rtc.o(.text)
    Is_Leap_Year                             0x08002c05   Thumb Code    58  rtc.o(.text)
    RTC_Get                                  0x08002c3f   Thumb Code   240  rtc.o(.text)
    RTC_Set                                  0x08002d2f   Thumb Code   184  rtc.o(.text)
    RTC_Init                                 0x08002de7   Thumb Code   192  rtc.o(.text)
    RTC_Alarm_Set                            0x08002ea7   Thumb Code   184  rtc.o(.text)
    RTC_IRQHandler                           0x08002f5f   Thumb Code    42  rtc.o(.text)
    RCC_HSE_Config                           0x08002fa9   Thumb Code    84  system_clk.o(.text)
    fputc                                    0x08002ffd   Thumb Code    32  usart3printf.o(.text)
    Usart3_232_Printf_Init                   0x0800301d   Thumb Code   190  usart3printf.o(.text)
    USART3_IRQHandler                        0x080030db   Thumb Code    66  usart3printf.o(.text)
    LCD_Draw_DoubleCircle_Color              0x08003125   Thumb Code    44  gui.o(.text)
    LCD_Show_ScaleIndexTable                 0x08003151   Thumb Code   690  gui.o(.text)
    LCD_Show_Date                            0x08003403   Thumb Code    76  gui.o(.text)
    LCD_Show_PointerMove                     0x0800344f   Thumb Code  1454  gui.o(.text)
    LCD_Clear_PointerMove                    0x080039fd   Thumb Code  1346  gui.o(.text)
    __aeabi_memcpy                           0x08003f61   Thumb Code    36  memcpya.o(.text)
    __aeabi_memcpy4                          0x08003f61   Thumb Code     0  memcpya.o(.text)
    __aeabi_memcpy8                          0x08003f61   Thumb Code     0  memcpya.o(.text)
    __aeabi_dadd                             0x08003f85   Thumb Code   322  dadd.o(.text)
    __aeabi_dsub                             0x080040c7   Thumb Code     6  dadd.o(.text)
    __aeabi_drsub                            0x080040cd   Thumb Code     6  dadd.o(.text)
    __aeabi_dmul                             0x080040d3   Thumb Code   228  dmul.o(.text)
    __aeabi_ddiv                             0x080041b7   Thumb Code   222  ddiv.o(.text)
    __aeabi_i2d                              0x08004295   Thumb Code    34  dflti.o(.text)
    __aeabi_ui2d                             0x080042b7   Thumb Code    26  dfltui.o(.text)
    __aeabi_d2uiz                            0x080042d1   Thumb Code    50  dfixui.o(.text)
    __aeabi_uldivmod                         0x08004303   Thumb Code    98  uldiv.o(.text)
    __aeabi_llsl                             0x08004365   Thumb Code    30  llshl.o(.text)
    _ll_shift_l                              0x08004365   Thumb Code     0  llshl.o(.text)
    __aeabi_llsr                             0x08004383   Thumb Code    32  llushr.o(.text)
    _ll_ushift_r                             0x08004383   Thumb Code     0  llushr.o(.text)
    __aeabi_lasr                             0x080043a3   Thumb Code    36  llsshr.o(.text)
    _ll_sshift_r                             0x080043a3   Thumb Code     0  llsshr.o(.text)
    __I$use$fp                               0x080043c7   Thumb Code     0  iusefp.o(.text)
    _double_round                            0x080043c7   Thumb Code    30  depilogue.o(.text)
    _double_epilogue                         0x080043e5   Thumb Code   156  depilogue.o(.text)
    __ARM_scalbn                             0x08004481   Thumb Code    46  dscalb.o(.text)
    scalbn                                   0x08004481   Thumb Code     0  dscalb.o(.text)
    __aeabi_cdrcmple                         0x080044b1   Thumb Code    48  cdrcmple.o(.text)
    __scatterload                            0x080044e1   Thumb Code    28  init.o(.text)
    __scatterload_rt2                        0x080044e1   Thumb Code     0  init.o(.text)
    _dsqrt                                   0x08004505   Thumb Code   162  dsqrt.o(.text)
    __aeabi_d2iz                             0x080045a7   Thumb Code    62  dfixi.o(.text)
    __0printf$8                              0x080045e5   Thumb Code    22  printf8.o(i.__0printf$8)
    __1printf$8                              0x080045e5   Thumb Code     0  printf8.o(i.__0printf$8)
    __2printf                                0x080045e5   Thumb Code     0  printf8.o(i.__0printf$8)
    __0sprintf$8                             0x08004605   Thumb Code    34  printf8.o(i.__0sprintf$8)
    __1sprintf$8                             0x08004605   Thumb Code     0  printf8.o(i.__0sprintf$8)
    __2sprintf                               0x08004605   Thumb Code     0  printf8.o(i.__0sprintf$8)
    __ARM_fpclassify                         0x0800462d   Thumb Code    40  fpclassify.o(i.__ARM_fpclassify)
    __ieee754_rem_pio2                       0x08004655   Thumb Code   828  rred.o(i.__ieee754_rem_pio2)
    __kernel_cos                             0x080049dd   Thumb Code   230  cos_i.o(i.__kernel_cos)
    __kernel_poly                            0x08004ad9   Thumb Code   170  poly.o(i.__kernel_poly)
    __kernel_sin                             0x08004b85   Thumb Code   224  sin_i.o(i.__kernel_sin)
    __mathlib_dbl_divzero                    0x08004c71   Thumb Code    12  dunder.o(i.__mathlib_dbl_divzero)
    __mathlib_dbl_infnan                     0x08004c81   Thumb Code     6  dunder.o(i.__mathlib_dbl_infnan)
    __mathlib_dbl_infnan2                    0x08004c87   Thumb Code     4  dunder.o(i.__mathlib_dbl_infnan2)
    __mathlib_dbl_invalid                    0x08004c8b   Thumb Code    12  dunder.o(i.__mathlib_dbl_invalid)
    __mathlib_dbl_overflow                   0x08004c97   Thumb Code    14  dunder.o(i.__mathlib_dbl_overflow)
    __mathlib_dbl_underflow                  0x08004ca5   Thumb Code    10  dunder.o(i.__mathlib_dbl_underflow)
    __scatterload_copy                       0x08004cb5   Thumb Code    14  handlers.o(i.__scatterload_copy)
    __scatterload_null                       0x08004cc3   Thumb Code     2  handlers.o(i.__scatterload_null)
    __scatterload_zeroinit                   0x08004cc5   Thumb Code    14  handlers.o(i.__scatterload_zeroinit)
    __set_errno                              0x08004cd5   Thumb Code     6  errno.o(i.__set_errno)
    cos                                      0x0800514d   Thumb Code   148  cos.o(i.cos)
    pow                                      0x080051e9   Thumb Code  2478  pow.o(i.pow)
    sin                                      0x08005ba1   Thumb Code   150  sin.o(i.sin)
    sqrt                                     0x08005c41   Thumb Code    76  sqrt.o(i.sqrt)
    table_week                               0x08005c8c   Data          12  rtc.o(.constdata)
    mon_table                                0x08005c98   Data          12  rtc.o(.constdata)
    ascii_1206                               0x08005ca4   Data        1140  font.o(.constdata)
    ascii_1608                               0x08006118   Data        1520  font.o(.constdata)
    ascii_2412                               0x08006708   Data        3420  font.o(.constdata)
    CnChar32x29                              0x08007464   Data        1062  font.o(.constdata)
    __mathlib_zero                           0x08007968   Data           8  qnan.o(.constdata)
    Region$$Table$$Base                      0x08007a60   Number         0  anon$$obj.o(Region$$Table)
    Region$$Table$$Limit                     0x08007a80   Number         0  anon$$obj.o(Region$$Table)
    SystemCoreClock                          0x20000014   Data           4  system_stm32f10x.o(.data)
    AHBPrescTable                            0x20000018   Data          16  system_stm32f10x.o(.data)
    FRONT_COLOR                              0x20000028   Data           2  lcd.o(.data)
    BACK_COLOR                               0x2000002a   Data           2  lcd.o(.data)
    tftlcd_data                              0x2000002c   Data           8  lcd.o(.data)
    issecondflag                             0x20000036   Data           1  gui.o(.data)
    __stdout                                 0x20000038   Data           4  stdout.o(.data)
    calendar                                 0x20000040   Data          10  rtc.o(.bss)
    __initial_sp                             0x20000450   Data           0  startup_stm32f10x_hd.o(STACK)



==============================================================================

Memory Map of the image

  Image Entry point : 0x08000131

  Load Region LR_IROM1 (Base: 0x08000000, Size: 0x00007ac0, Max: 0x00080000, ABSOLUTE)

    Execution Region ER_IROM1 (Base: 0x08000000, Size: 0x00007a80, Max: 0x00080000, ABSOLUTE)

    Base Addr    Size         Type   Attr      Idx    E Section Name        Object

    0x08000000   0x00000130   Data   RO          134    RESET               startup_stm32f10x_hd.o
    0x08000130   0x00000000   Code   RO          681  * .ARM.Collect$$$$00000000  mc_w.l(entry.o)
    0x08000130   0x00000004   Code   RO         1002    .ARM.Collect$$$$00000001  mc_w.l(entry2.o)
    0x08000134   0x00000004   Code   RO         1005    .ARM.Collect$$$$00000004  mc_w.l(entry5.o)
    0x08000138   0x00000000   Code   RO         1007    .ARM.Collect$$$$00000008  mc_w.l(entry7b.o)
    0x08000138   0x00000000   Code   RO         1009    .ARM.Collect$$$$0000000A  mc_w.l(entry8b.o)
    0x08000138   0x00000008   Code   RO         1010    .ARM.Collect$$$$0000000B  mc_w.l(entry9a.o)
    0x08000140   0x00000000   Code   RO         1012    .ARM.Collect$$$$0000000D  mc_w.l(entry10a.o)
    0x08000140   0x00000000   Code   RO         1014    .ARM.Collect$$$$0000000F  mc_w.l(entry11a.o)
    0x08000140   0x00000004   Code   RO         1003    .ARM.Collect$$$$00002712  mc_w.l(entry2.o)
    0x08000144   0x000003a4   Code   RO           17    .text               stm32f10x_rcc.o
    0x080004e8   0x000001e0   Code   RO          114    .text               system_stm32f10x.o
    0x080006c8   0x00000024   Code   RO          135    .text               startup_stm32f10x_hd.o
    0x080006ec   0x0000035c   Code   RO          139    .text               stm32f10x_gpio.o
    0x08000a48   0x0000001a   Code   RO          151    .text               stm32f10x_it.o
    0x08000a62   0x00000002   PAD
    0x08000a64   0x000000dc   Code   RO          166    .text               misc.o
    0x08000b40   0x000000c4   Code   RO          190    .text               stm32f10x_bkp.o
    0x08000c04   0x0000011c   Code   RO          274    .text               stm32f10x_exti.o
    0x08000d20   0x0000060c   Code   RO          298    .text               stm32f10x_fsmc.o
    0x0800132c   0x000000cc   Code   RO          334    .text               stm32f10x_pwr.o
    0x080013f8   0x00000148   Code   RO          346    .text               stm32f10x_rtc.o
    0x08001540   0x00000408   Code   RO          394    .text               stm32f10x_usart.o
    0x08001948   0x0000006e   Code   RO          523    .text               systick.o
    0x080019b6   0x00000002   PAD
    0x080019b8   0x00000124   Code   RO          535    .text               main.o
    0x08001adc   0x000000d0   Code   RO          550    .text               key_exti.o
    0x08001bac   0x00000fc4   Code   RO          562    .text               lcd.o
    0x08002b70   0x00000438   Code   RO          580    .text               rtc.o
    0x08002fa8   0x00000054   Code   RO          600    .text               system_clk.o
    0x08002ffc   0x00000128   Code   RO          612    .text               usart3printf.o
    0x08003124   0x00000e3c   Code   RO          636    .text               gui.o
    0x08003f60   0x00000024   Code   RO          684    .text               mc_w.l(memcpya.o)
    0x08003f84   0x0000014e   Code   RO          949    .text               mf_w.l(dadd.o)
    0x080040d2   0x000000e4   Code   RO          951    .text               mf_w.l(dmul.o)
    0x080041b6   0x000000de   Code   RO          953    .text               mf_w.l(ddiv.o)
    0x08004294   0x00000022   Code   RO          955    .text               mf_w.l(dflti.o)
    0x080042b6   0x0000001a   Code   RO          957    .text               mf_w.l(dfltui.o)
    0x080042d0   0x00000032   Code   RO          959    .text               mf_w.l(dfixui.o)
    0x08004302   0x00000062   Code   RO         1019    .text               mc_w.l(uldiv.o)
    0x08004364   0x0000001e   Code   RO         1021    .text               mc_w.l(llshl.o)
    0x08004382   0x00000020   Code   RO         1023    .text               mc_w.l(llushr.o)
    0x080043a2   0x00000024   Code   RO         1025    .text               mc_w.l(llsshr.o)
    0x080043c6   0x00000000   Code   RO         1034    .text               mc_w.l(iusefp.o)
    0x080043c6   0x000000ba   Code   RO         1035    .text               mf_w.l(depilogue.o)
    0x08004480   0x0000002e   Code   RO         1037    .text               mf_w.l(dscalb.o)
    0x080044ae   0x00000002   PAD
    0x080044b0   0x00000030   Code   RO         1041    .text               mf_w.l(cdrcmple.o)
    0x080044e0   0x00000024   Code   RO         1043    .text               mc_w.l(init.o)
    0x08004504   0x000000a2   Code   RO         1045    .text               mf_w.l(dsqrt.o)
    0x080045a6   0x0000003e   Code   RO         1047    .text               mf_w.l(dfixi.o)
    0x080045e4   0x00000020   Code   RO          895    i.__0printf$8       mc_w.l(printf8.o)
    0x08004604   0x00000028   Code   RO          897    i.__0sprintf$8      mc_w.l(printf8.o)
    0x0800462c   0x00000028   Code   RO          978    i.__ARM_fpclassify  m_ws.l(fpclassify.o)
    0x08004654   0x00000388   Code   RO          983    i.__ieee754_rem_pio2  m_ws.l(rred.o)
    0x080049dc   0x000000fc   Code   RO          961    i.__kernel_cos      m_ws.l(cos_i.o)
    0x08004ad8   0x000000aa   Code   RO          980    i.__kernel_poly     m_ws.l(poly.o)
    0x08004b82   0x00000002   PAD
    0x08004b84   0x000000ec   Code   RO          988    i.__kernel_sin      m_ws.l(sin_i.o)
    0x08004c70   0x00000010   Code   RO          964    i.__mathlib_dbl_divzero  m_ws.l(dunder.o)
    0x08004c80   0x00000006   Code   RO          965    i.__mathlib_dbl_infnan  m_ws.l(dunder.o)
    0x08004c86   0x00000004   Code   RO          966    i.__mathlib_dbl_infnan2  m_ws.l(dunder.o)
    0x08004c8a   0x0000000c   Code   RO          967    i.__mathlib_dbl_invalid  m_ws.l(dunder.o)
    0x08004c96   0x0000000e   Code   RO          968    i.__mathlib_dbl_overflow  m_ws.l(dunder.o)
    0x08004ca4   0x00000010   Code   RO          970    i.__mathlib_dbl_underflow  m_ws.l(dunder.o)
    0x08004cb4   0x0000000e   Code   RO         1053    i.__scatterload_copy  mc_w.l(handlers.o)
    0x08004cc2   0x00000002   Code   RO         1054    i.__scatterload_null  mc_w.l(handlers.o)
    0x08004cc4   0x0000000e   Code   RO         1055    i.__scatterload_zeroinit  mc_w.l(handlers.o)
    0x08004cd2   0x00000002   PAD
    0x08004cd4   0x0000000c   Code   RO         1029    i.__set_errno       mc_w.l(errno.o)
    0x08004ce0   0x00000410   Code   RO          902    i._printf_core      mc_w.l(printf8.o)
    0x080050f0   0x00000024   Code   RO          903    i._printf_post_padding  mc_w.l(printf8.o)
    0x08005114   0x0000002e   Code   RO          904    i._printf_pre_padding  mc_w.l(printf8.o)
    0x08005142   0x0000000a   Code   RO          906    i._sputc            mc_w.l(printf8.o)
    0x0800514c   0x0000009c   Code   RO          656    i.cos               m_ws.l(cos.o)
    0x080051e8   0x000009b8   Code   RO          664    i.pow               m_ws.l(pow.o)
    0x08005ba0   0x000000a0   Code   RO          674    i.sin               m_ws.l(sin.o)
    0x08005c40   0x0000004c   Code   RO          995    i.sqrt              m_ws.l(sqrt.o)
    0x08005c8c   0x00000018   Data   RO          582    .constdata          rtc.o
    0x08005ca4   0x00001be6   Data   RO          624    .constdata          font.o
    0x0800788a   0x00000002   PAD
    0x0800788c   0x00000024   Data   RO          637    .constdata          gui.o
    0x080078b0   0x00000088   Data   RO          665    .constdata          m_ws.l(pow.o)
    0x08007938   0x00000030   Data   RO          962    .constdata          m_ws.l(cos_i.o)
    0x08007968   0x00000008   Data   RO          982    .constdata          m_ws.l(qnan.o)
    0x08007970   0x000000c8   Data   RO          985    .constdata          m_ws.l(rred.o)
    0x08007a38   0x00000028   Data   RO          989    .constdata          m_ws.l(sin_i.o)
    0x08007a60   0x00000020   Data   RO         1051    Region$$Table       anon$$obj.o


    Execution Region RW_IRAM1 (Base: 0x20000000, Size: 0x00000450, Max: 0x00010000, ABSOLUTE)

    Base Addr    Size         Type   Attr      Idx    E Section Name        Object

    0x20000000   0x00000014   Data   RW           18    .data               stm32f10x_rcc.o
    0x20000014   0x00000014   Data   RW          115    .data               system_stm32f10x.o
    0x20000028   0x0000000c   Data   RW          563    .data               lcd.o
    0x20000034   0x00000002   Data   RW          583    .data               rtc.o
    0x20000036   0x00000001   Data   RW          638    .data               gui.o
    0x20000037   0x00000001   PAD
    0x20000038   0x00000004   Data   RW         1016    .data               mc_w.l(stdout.o)
    0x2000003c   0x00000004   Data   RW         1030    .data               mc_w.l(errno.o)
    0x20000040   0x0000000a   Zero   RW          581    .bss                rtc.o
    0x2000004a   0x00000006   PAD
    0x20000050   0x00000400   Zero   RW          132    STACK               startup_stm32f10x_hd.o


==============================================================================

Image component sizes


      Code (inc. data)   RO Data    RW Data    ZI Data      Debug   Object Name

         0          0          0          0          0       1252   beep.o
         0          0          0          0          0       4560   core_cm3.o
         0          0       7142          0          0       1067   font.o
      3644        242         36          1          0       1919   gui.o
       208          8          0          0          0        781   key_exti.o
      4036         90          0         12          0      13279   lcd.o
       292         54          0          0          0        539   main.o
       220         22          0          0          0       2237   misc.o
      1080         32         24          2         10       4274   rtc.o
        36          8        304          0       1024       1036   startup_stm32f10x_hd.o
       196          8          0          0          0       3900   stm32f10x_bkp.o
       284         10          0          0          0       2671   stm32f10x_exti.o
      1548         18          0          0          0       5779   stm32f10x_fsmc.o
       860         38          0          0          0       6077   stm32f10x_gpio.o
        26          0          0          0          0       1406   stm32f10x_it.o
       204         14          0          0          0       2091   stm32f10x_pwr.o
       932         36          0         20          0     249456   stm32f10x_rcc.o
       328          4          0          0          0       2846   stm32f10x_rtc.o
      1032         22          0          0          0       8808   stm32f10x_usart.o
        84          0          0          0          0        605   system_clk.o
       480         38          0         20          0       2447   system_stm32f10x.o
       110          0          0          0          0        668   systick.o
       296          8          0          0          0       1153   usart3printf.o

    ----------------------------------------------------------------------
     15900        652       7540         56       1040     318851   Object Totals
         0          0         32          0          0          0   (incl. Generated)
         4          0          2          1          6          0   (incl. Padding)

    ----------------------------------------------------------------------

      Code (inc. data)   RO Data    RW Data    ZI Data      Debug   Library Member Name

       156          8          0          0          0        104   cos.o
       252         22         48          0          0        124   cos_i.o
        68         10          0          0          0        408   dunder.o
        40          0          0          0          0         68   fpclassify.o
       170          0          0          0          0         96   poly.o
      2488        190        136          0          0        300   pow.o
         0          0          8          0          0          0   qnan.o
       904         76        200          0          0        140   rred.o
       160         10          0          0          0        108   sin.o
       236         12         40          0          0        128   sin_i.o
        76          0          0          0          0         84   sqrt.o
         0          0          0          0          0          0   entry.o
         0          0          0          0          0          0   entry10a.o
         0          0          0          0          0          0   entry11a.o
         8          4          0          0          0          0   entry2.o
         4          0          0          0          0          0   entry5.o
         0          0          0          0          0          0   entry7b.o
         0          0          0          0          0          0   entry8b.o
         8          4          0          0          0          0   entry9a.o
        12          6          0          4          0         68   errno.o
        30          0          0          0          0          0   handlers.o
        36          8          0          0          0         68   init.o
         0          0          0          0          0          0   iusefp.o
        30          0          0          0          0         68   llshl.o
        36          0          0          0          0         68   llsshr.o
        32          0          0          0          0         68   llushr.o
        36          0          0          0          0         68   memcpya.o
      1204         60          0          0          0        504   printf8.o
         0          0          0          4          0          0   stdout.o
        98          0          0          0          0         92   uldiv.o
        48          0          0          0          0         68   cdrcmple.o
       334          0          0          0          0        148   dadd.o
       222          0          0          0          0        100   ddiv.o
       186          0          0          0          0        176   depilogue.o
        62          0          0          0          0         80   dfixi.o
        50          0          0          0          0         76   dfixui.o
        34          0          0          0          0         76   dflti.o
        26          0          0          0          0         76   dfltui.o
       228          0          0          0          0         96   dmul.o
        46          0          0          0          0         80   dscalb.o
       162          0          0          0          0        100   dsqrt.o

    ----------------------------------------------------------------------
      7488        410        432          8          0       3640   Library Totals
         6          0          0          0          0          0   (incl. Padding)

    ----------------------------------------------------------------------

      Code (inc. data)   RO Data    RW Data    ZI Data      Debug   Library Name

      4550        328        432          0          0       1560   m_ws.l
      1534         82          0          8          0       1004   mc_w.l
      1398          0          0          0          0       1076   mf_w.l

    ----------------------------------------------------------------------
      7488        410        432          8          0       3640   Library Totals

    ----------------------------------------------------------------------

==============================================================================


      Code (inc. data)   RO Data    RW Data    ZI Data      Debug   

     23388       1062       7972         64       1040     318743   Grand Totals
     23388       1062       7972         64       1040     318743   ELF Image Totals
     23388       1062       7972         64          0          0   ROM Totals

==============================================================================

    Total RO  Size (Code + RO Data)                31360 (  30.63kB)
    Total RW  Size (RW Data + ZI Data)              1104 (   1.08kB)
    Total ROM Size (Code + RO Data + RW Data)      31424 (  30.69kB)

==============================================================================

