<html>
<body>
<pre>
<h1>µVision Build Log</h1>
<h2>Tool Versions:</h2>
IDE-Version: µVision V5.14.0.0
Copyright (C) 2015 ARM Ltd and ARM Germany GmbH. All rights reserved.
License Information: 1 Microsoft, Microsoft, LIC=LSNJJ-U4P76-PZQWB-2LC0V-NU0X3-M14MY
 
Tool Versions:
Toolchain:       MDK-ARM Standard  Version: 5.14.0.0
Toolchain Path:  D:\Program Files\keil5\ARM\ARMCC\Bin
C Compiler:      Armcc.exe V5.05 update 1 (build 106)
Assembler:       Armasm.exe V5.05 update 1 (build 106)
Linker/Locator:  ArmLink.exe V5.05 update 1 (build 106)
Library Manager: ArmAr.exe V5.05 update 1 (build 106)
Hex Converter:   FromElf.exe V5.05 update 1 (build 106)
CPU DLL:         SARMCM3.DLL V5.14.0.0
Dialog DLL:      DARMSTM.DLL V1.65.0.0
Target DLL:      Segger\JL2CM3.dll V2.99.13.0
Dialog DLL:      TARMSTM.DLL V1.64.0.0
 
<h2>Project:</h2>
E:\2_DEVELOP PROJECT\1_BERRY SOFTWARE PROJECT\STM32 PROJECT\simply colock\project\STM32_PROJECT_DEBUG.uvprojx
Project File Date:  07/17/2018

<h2>Output:</h2>
Build target 'STM32 PROJECT'
compiling core_cm3.c...
compiling stm32f10x_rcc.c...
compiling system_stm32f10x.c...
assembling startup_stm32f10x_hd.s...
compiling stm32f10x_gpio.c...
compiling stm32f10x_it.c...
compiling misc.c...
compiling stm32f10x_adc.c...
compiling stm32f10x_bkp.c...
compiling stm32f10x_can.c...
compiling stm32f10x_cec.c...
compiling stm32f10x_crc.c...
compiling stm32f10x_dac.c...
compiling stm32f10x_dbgmcu.c...
compiling stm32f10x_dma.c...
compiling stm32f10x_exti.c...
compiling stm32f10x_flash.c...
compiling stm32f10x_fsmc.c...
compiling stm32f10x_i2c.c...
compiling stm32f10x_iwdg.c...
compiling stm32f10x_pwr.c...
compiling stm32f10x_rtc.c...
compiling stm32f10x_sdio.c...
compiling stm32f10x_spi.c...
compiling stm32f10x_tim.c...
compiling stm32f10x_usart.c...
compiling stm32f10x_wwdg.c...
compiling beep.c...
..\inc\system_clk.h(8): warning:  #1-D: last line of file ends without a newline
  #endif
..\inc\gui.h(37): warning:  #1-D: last line of file ends without a newline
  #endif
..\src\beep.c: 2 warnings, 0 errors
compiling key.c...
..\inc\system_clk.h(8): warning:  #1-D: last line of file ends without a newline
  #endif
..\inc\gui.h(37): warning:  #1-D: last line of file ends without a newline
  #endif
..\src\key.c: 2 warnings, 0 errors
compiling led.c...
..\inc\system_clk.h(8): warning:  #1-D: last line of file ends without a newline
  #endif
..\inc\gui.h(37): warning:  #1-D: last line of file ends without a newline
  #endif
..\src\led.c: 2 warnings, 0 errors
compiling smg.c...
..\inc\system_clk.h(8): warning:  #1-D: last line of file ends without a newline
  #endif
..\inc\gui.h(37): warning:  #1-D: last line of file ends without a newline
  #endif
..\src\smg.c: 2 warnings, 0 errors
compiling systick.c...
..\inc\system_clk.h(8): warning:  #1-D: last line of file ends without a newline
  #endif
..\inc\gui.h(37): warning:  #1-D: last line of file ends without a newline
  #endif
..\src\systick.c(45): warning:  #1-D: last line of file ends without a newline
            
..\src\systick.c: 3 warnings, 0 errors
compiling main.c...
..\inc\system_clk.h(8): warning:  #1-D: last line of file ends without a newline
  #endif
..\inc\gui.h(37): warning:  #1-D: last line of file ends without a newline
  #endif
..\src\main.c: 2 warnings, 0 errors
compiling bit_band.c...
compiling key_exti.c...
..\inc\system_clk.h(8): warning:  #1-D: last line of file ends without a newline
  #endif
..\inc\gui.h(37): warning:  #1-D: last line of file ends without a newline
  #endif
..\src\key_exti.c: 2 warnings, 0 errors
compiling lcd.c...
..\inc\system_clk.h(8): warning:  #1-D: last line of file ends without a newline
  #endif
..\inc\gui.h(37): warning:  #1-D: last line of file ends without a newline
  #endif
..\src\lcd.c: 2 warnings, 0 errors
compiling rtc.c...
..\inc\system_clk.h(8): warning:  #1-D: last line of file ends without a newline
  #endif
..\inc\gui.h(37): warning:  #1-D: last line of file ends without a newline
  #endif
..\src\rtc.c: 2 warnings, 0 errors
compiling system_clk.c...
..\inc\system_clk.h(8): warning:  #1-D: last line of file ends without a newline
  #endif
..\inc\gui.h(37): warning:  #1-D: last line of file ends without a newline
  #endif
..\src\system_clk.c(26): warning:  #1-D: last line of file ends without a newline
  }
..\src\system_clk.c: 3 warnings, 0 errors
compiling usart3printf.c...
..\inc\system_clk.h(8): warning:  #1-D: last line of file ends without a newline
  #endif
..\inc\gui.h(37): warning:  #1-D: last line of file ends without a newline
  #endif
..\src\usart3printf.c: 2 warnings, 0 errors
compiling font.c...
..\inc\system_clk.h(8): warning:  #1-D: last line of file ends without a newline
  #endif
..\inc\gui.h(37): warning:  #1-D: last line of file ends without a newline
  #endif
..\src\font.c(416): warning:  #1-D: last line of file ends without a newline
  };
..\src\font.c: 3 warnings, 0 errors
compiling gui.c...
..\inc\system_clk.h(8): warning:  #1-D: last line of file ends without a newline
  #endif
..\inc\gui.h(37): warning:  #1-D: last line of file ends without a newline
  #endif
..\src\gui.c(33): warning:  #177-D: variable "string1" was declared but never referenced
      u8 string1[10];
..\src\gui.c(68): warning:  #1-D: last line of file ends without a newline
  }
..\src\gui.c: 4 warnings, 0 errors
linking...
Program Size: Code=23388 RO-data=7972 RW-data=64 ZI-data=1040  
FromELF: creating hex file...
"..\output\STM32 PROJECT.axf" - 0 Error(s), 31 Warning(s).

<h2>Collection of Component include folders:</h2>
  E:\2_DEVELOP PROJECT\1_BERRY SOFTWARE PROJECT\STM32 PROJECT\simply colock\project\RTE
  D:\Program Files\keil5\ARM\PACK\Keil\STM32F1xx_DFP\1.0.5\Device\Include

<h2>Collection of Component Files used:</h2>
</pre>
</body>
</html>
